   Compiling pyrite v0.1.0 (file:///Users/adolphcelestin/projects/pyrite)
     Running `target/debug/pyrite roms/tonc/first.gba`
Emulating ROM: roms/tonc/first.gba
thumb 08000108 482b ldr r0, [$080001b8] (=$08000000)
r0 = 0x08000109; r1 = 0x00000000; r2 = 0x00000000; r3 = 0x00000000; r4 = 0x00000000; r5 = 0x00000000; r6 = 0x00000000; r7 = 0x00000000; r8 = 0x00000000; r9 = 0x00000000; r10 = 0x00000000; r11 = 0x00000000; r12 = 0x00000000; sp = 0x61c71d23; lr = 0x00000000; pc = 0x0800010c
thumb 0800010a 0140 lsl r0, r0, #0x05
r0 = 0x08000000; r1 = 0x00000000; r2 = 0x00000000; r3 = 0x00000000; r4 = 0x00000000; r5 = 0x00000000; r6 = 0x00000000; r7 = 0x00000000; r8 = 0x00000000; r9 = 0x00000000; r10 = 0x00000000; r11 = 0x00000000; r12 = 0x00000000; sp = 0x61c71d23; lr = 0x00000000; pc = 0x0800010e
thumb 0800010c d20b bcs $08000126
r0 = 0x00000000; r1 = 0x00000000; r2 = 0x00000000; r3 = 0x00000000; r4 = 0x00000000; r5 = 0x00000000; r6 = 0x00000000; r7 = 0x00000000; r8 = 0x00000000; r9 = 0x00000000; r10 = 0x00000000; r11 = 0x00000000; r12 = 0x00000000; sp = 0x61c71d23; lr = 0x00000000; pc = 0x08000110
thumb 08000126 2140 mov r1, #0x40
r0 = 0x00000000; r1 = 0x00000000; r2 = 0x00000000; r3 = 0x00000000; r4 = 0x00000000; r5 = 0x00000000; r6 = 0x00000000; r7 = 0x00000000; r8 = 0x00000000; r9 = 0x00000000; r10 = 0x00000000; r11 = 0x00000000; r12 = 0x00000000; sp = 0x61c71d23; lr = 0x00000000; pc = 0x0800012a
thumb 08000128 0309 lsl r1, r1, #0x0c
r0 = 0x00000000; r1 = 0x00000040; r2 = 0x00000000; r3 = 0x00000000; r4 = 0x00000000; r5 = 0x00000000; r6 = 0x00000000; r7 = 0x00000000; r8 = 0x00000000; r9 = 0x00000000; r10 = 0x00000000; r11 = 0x00000000; r12 = 0x00000000; sp = 0x61c71d23; lr = 0x00000000; pc = 0x0800012c
thumb 0800012a 01c8 lsl r0, r1, #0x07
r0 = 0x00000000; r1 = 0x00040000; r2 = 0x00000000; r3 = 0x00000000; r4 = 0x00000000; r5 = 0x00000000; r6 = 0x00000000; r7 = 0x00000000; r8 = 0x00000000; r9 = 0x00000000; r10 = 0x00000000; r11 = 0x00000000; r12 = 0x00000000; sp = 0x61c71d23; lr = 0x00000000; pc = 0x0800012e
thumb 0800012c f000 bl $08000186
r0 = 0x02000000; r1 = 0x00040000; r2 = 0x00000000; r3 = 0x00000000; r4 = 0x00000000; r5 = 0x00000000; r6 = 0x00000000; r7 = 0x00000000; r8 = 0x00000000; r9 = 0x00000000; r10 = 0x00000000; r11 = 0x00000000; r12 = 0x00000000; sp = 0x61c71d23; lr = 0x00000000; pc = 0x08000130
thumb 0800012e f82b blh $0056
r0 = 0x02000000; r1 = 0x00040000; r2 = 0x00000000; r3 = 0x00000000; r4 = 0x00000000; r5 = 0x00000000; r6 = 0x00000000; r7 = 0x00000000; r8 = 0x00000000; r9 = 0x00000000; r10 = 0x00000000; r11 = 0x00000000; r12 = 0x00000000; sp = 0x61c71d23; lr = 0x08000130; pc = 0x08000132
thumb 08000186 2203 mov r2, #0x3
r0 = 0x02000000; r1 = 0x00040000; r2 = 0x00000000; r3 = 0x00000000; r4 = 0x00000000; r5 = 0x00000000; r6 = 0x00000000; r7 = 0x00000000; r8 = 0x00000000; r9 = 0x00000000; r10 = 0x00000000; r11 = 0x00000000; r12 = 0x00000000; sp = 0x61c71d23; lr = 0x08000130; pc = 0x0800018a
thumb 08000188 1889 add r1, r1, r2
r0 = 0x02000000; r1 = 0x00040000; r2 = 0x00000003; r3 = 0x00000000; r4 = 0x00000000; r5 = 0x00000000; r6 = 0x00000000; r7 = 0x00000000; r8 = 0x00000000; r9 = 0x00000000; r10 = 0x00000000; r11 = 0x00000000; r12 = 0x00000000; sp = 0x61c71d23; lr = 0x08000130; pc = 0x0800018c
thumb 0800018a 4391 bic r1, r2
r0 = 0x02000000; r1 = 0x00040003; r2 = 0x00000003; r3 = 0x00000000; r4 = 0x00000000; r5 = 0x00000000; r6 = 0x00000000; r7 = 0x00000000; r8 = 0x00000000; r9 = 0x00000000; r10 = 0x00000000; r11 = 0x00000000; r12 = 0x00000000; sp = 0x61c71d23; lr = 0x08000130; pc = 0x0800018e
thumb 0800018c d003 beq $08000196
r0 = 0x02000000; r1 = 0x00040000; r2 = 0x00000003; r3 = 0x00000000; r4 = 0x00000000; r5 = 0x00000000; r6 = 0x00000000; r7 = 0x00000000; r8 = 0x00000000; r9 = 0x00000000; r10 = 0x00000000; r11 = 0x00000000; r12 = 0x00000000; sp = 0x61c71d23; lr = 0x08000130; pc = 0x08000190
thumb 0800018e 2200 mov r2, #0x0
r0 = 0x02000000; r1 = 0x00040000; r2 = 0x00000003; r3 = 0x00000000; r4 = 0x00000000; r5 = 0x00000000; r6 = 0x00000000; r7 = 0x00000000; r8 = 0x00000000; r9 = 0x00000000; r10 = 0x00000000; r11 = 0x00000000; r12 = 0x00000000; sp = 0x61c71d23; lr = 0x08000130; pc = 0x08000192
thumb 08000190 c004 stmia r0!, {r2}
r0 = 0x02000000; r1 = 0x00040000; r2 = 0x00000000; r3 = 0x00000000; r4 = 0x00000000; r5 = 0x00000000; r6 = 0x00000000; r7 = 0x00000000; r8 = 0x00000000; r9 = 0x00000000; r10 = 0x00000000; r11 = 0x00000000; r12 = 0x00000000; sp = 0x61c71d23; lr = 0x08000130; pc = 0x08000194
R1 = 00040000
