Archive member included to satisfy reference by file (symbol)

/Users/adolphcelestin/dist/devkitPRO/devkitARM/bin/../lib/gcc/arm-none-eabi/5.3.0/../../../../arm-none-eabi/lib/thumb/libg.a(lib_a-init.o)
                              /Users/adolphcelestin/dist/devkitPRO/devkitARM/bin/../lib/gcc/arm-none-eabi/5.3.0/../../../../arm-none-eabi/lib/thumb/gba_crt0.o (__libc_init_array)
/Users/adolphcelestin/dist/devkitPRO/devkitARM/bin/../lib/gcc/arm-none-eabi/5.3.0/../../../../arm-none-eabi/lib/thumb/libg.a(lib_a-sprintf.o)
                              main.o (sprintf)
/Users/adolphcelestin/dist/devkitPRO/devkitARM/bin/../lib/gcc/arm-none-eabi/5.3.0/../../../../arm-none-eabi/lib/thumb/libg.a(lib_a-svfprintf.o)
                              /Users/adolphcelestin/dist/devkitPRO/devkitARM/bin/../lib/gcc/arm-none-eabi/5.3.0/../../../../arm-none-eabi/lib/thumb/libg.a(lib_a-sprintf.o) (_svfprintf_r)
/Users/adolphcelestin/dist/devkitPRO/devkitARM/bin/../lib/gcc/arm-none-eabi/5.3.0/../../../../arm-none-eabi/lib/thumb/libg.a(lib_a-wcrtomb.o)
                              /Users/adolphcelestin/dist/devkitPRO/devkitARM/bin/../lib/gcc/arm-none-eabi/5.3.0/../../../../arm-none-eabi/lib/thumb/libg.a(lib_a-svfprintf.o) (_wcrtomb_r)
/Users/adolphcelestin/dist/devkitPRO/devkitARM/bin/../lib/gcc/arm-none-eabi/5.3.0/../../../../arm-none-eabi/lib/thumb/libg.a(lib_a-wcsrtombs.o)
                              /Users/adolphcelestin/dist/devkitPRO/devkitARM/bin/../lib/gcc/arm-none-eabi/5.3.0/../../../../arm-none-eabi/lib/thumb/libg.a(lib_a-svfprintf.o) (_wcsrtombs_r)
/Users/adolphcelestin/dist/devkitPRO/devkitARM/bin/../lib/gcc/arm-none-eabi/5.3.0/../../../../arm-none-eabi/lib/thumb/libg.a(lib_a-wctomb_r.o)
                              /Users/adolphcelestin/dist/devkitPRO/devkitARM/bin/../lib/gcc/arm-none-eabi/5.3.0/../../../../arm-none-eabi/lib/thumb/libg.a(lib_a-wcrtomb.o) (__wctomb)
/Users/adolphcelestin/dist/devkitPRO/devkitARM/bin/../lib/gcc/arm-none-eabi/5.3.0/../../../../arm-none-eabi/lib/thumb/libg.a(lib_a-dtoa.o)
                              /Users/adolphcelestin/dist/devkitPRO/devkitARM/bin/../lib/gcc/arm-none-eabi/5.3.0/../../../../arm-none-eabi/lib/thumb/libg.a(lib_a-svfprintf.o) (_dtoa_r)
/Users/adolphcelestin/dist/devkitPRO/devkitARM/bin/../lib/gcc/arm-none-eabi/5.3.0/../../../../arm-none-eabi/lib/thumb/libg.a(lib_a-freer.o)
                              /Users/adolphcelestin/dist/devkitPRO/devkitARM/bin/../lib/gcc/arm-none-eabi/5.3.0/../../../../arm-none-eabi/lib/thumb/libg.a(lib_a-svfprintf.o) (_free_r)
/Users/adolphcelestin/dist/devkitPRO/devkitARM/bin/../lib/gcc/arm-none-eabi/5.3.0/../../../../arm-none-eabi/lib/thumb/libg.a(lib_a-locale.o)
                              /Users/adolphcelestin/dist/devkitPRO/devkitARM/bin/../lib/gcc/arm-none-eabi/5.3.0/../../../../arm-none-eabi/lib/thumb/libg.a(lib_a-svfprintf.o) (__locale_charset)
/Users/adolphcelestin/dist/devkitPRO/devkitARM/bin/../lib/gcc/arm-none-eabi/5.3.0/../../../../arm-none-eabi/lib/thumb/libg.a(lib_a-mallocr.o)
                              /Users/adolphcelestin/dist/devkitPRO/devkitARM/bin/../lib/gcc/arm-none-eabi/5.3.0/../../../../arm-none-eabi/lib/thumb/libg.a(lib_a-svfprintf.o) (_malloc_r)
/Users/adolphcelestin/dist/devkitPRO/devkitARM/bin/../lib/gcc/arm-none-eabi/5.3.0/../../../../arm-none-eabi/lib/thumb/libg.a(lib_a-mbtowc_r.o)
                              /Users/adolphcelestin/dist/devkitPRO/devkitARM/bin/../lib/gcc/arm-none-eabi/5.3.0/../../../../arm-none-eabi/lib/thumb/libg.a(lib_a-locale.o) (__utf8_mbtowc)
/Users/adolphcelestin/dist/devkitPRO/devkitARM/bin/../lib/gcc/arm-none-eabi/5.3.0/../../../../arm-none-eabi/lib/thumb/libg.a(lib_a-memchr.o)
                              /Users/adolphcelestin/dist/devkitPRO/devkitARM/bin/../lib/gcc/arm-none-eabi/5.3.0/../../../../arm-none-eabi/lib/thumb/libg.a(lib_a-svfprintf.o) (memchr)
/Users/adolphcelestin/dist/devkitPRO/devkitARM/bin/../lib/gcc/arm-none-eabi/5.3.0/../../../../arm-none-eabi/lib/thumb/libg.a(lib_a-memcpy.o)
                              /Users/adolphcelestin/dist/devkitPRO/devkitARM/bin/../lib/gcc/arm-none-eabi/5.3.0/../../../../arm-none-eabi/lib/thumb/libg.a(lib_a-dtoa.o) (memcpy)
/Users/adolphcelestin/dist/devkitPRO/devkitARM/bin/../lib/gcc/arm-none-eabi/5.3.0/../../../../arm-none-eabi/lib/thumb/libg.a(lib_a-memset.o)
                              /Users/adolphcelestin/dist/devkitPRO/devkitARM/bin/../lib/gcc/arm-none-eabi/5.3.0/../../../../arm-none-eabi/lib/thumb/libg.a(lib_a-svfprintf.o) (memset)
/Users/adolphcelestin/dist/devkitPRO/devkitARM/bin/../lib/gcc/arm-none-eabi/5.3.0/../../../../arm-none-eabi/lib/thumb/libg.a(lib_a-mlock.o)
                              /Users/adolphcelestin/dist/devkitPRO/devkitARM/bin/../lib/gcc/arm-none-eabi/5.3.0/../../../../arm-none-eabi/lib/thumb/libg.a(lib_a-freer.o) (__malloc_lock)
/Users/adolphcelestin/dist/devkitPRO/devkitARM/bin/../lib/gcc/arm-none-eabi/5.3.0/../../../../arm-none-eabi/lib/thumb/libg.a(lib_a-mprec.o)
[...]
Memory Configuration

Name             Origin             Length             Attributes
rom              0x08000000         0x02000000
iwram            0x03000000         0x00008000
ewram            0x02000000         0x00040000
*default*        0x00000000         0xffffffff

Linker script and memory map

                0x02000000                __text_start = ORIGIN (ewram)
                0x02040000                __eheap_end = (ORIGIN (ewram) + 0x40000)
                0x03000000                __iwram_start = ORIGIN (iwram)
                0x03008000                __iwram_top = (ORIGIN (iwram) + 0x8000)
                0x03007fa0                __sp_irq = (__iwram_top - 0x60)
                0x03007f00                __sp_usr = (__sp_irq - 0xa0)
                0x03007ff8                __irq_flags = 0x3007ff8
                0x02000000                . = __text_start

.init           0x02000000      0x21c
 *(.init)
 .init          0x02000000      0x210 /Users/adolphcelestin/dist/devkitPRO/devkitARM/bin/../lib/gcc/arm-none-eabi/5.3.0/../../../../arm-none-eabi/lib/thumb/gba_crt0.o
                0x02000000                _start
                0x020000c4                __boot_method
                0x020000c5                __slave_number
                0x020000e0                start_vector
 .init          0x02000210        0x4 /Users/adolphcelestin/dist/devkitPRO/devkitARM/bin/../lib/gcc/arm-none-eabi/5.3.0/thumb/crti.o
                0x02000210                _init
 .init          0x02000214        0x8 /Users/adolphcelestin/dist/devkitPRO/devkitARM/bin/../lib/gcc/arm-none-eabi/5.3.0/thumb/crtn.o
                0x0200021c                . = ALIGN (0x4)

.plt            0x0200021c        0x0
 *(.plt)
                0x0200021c                . = ALIGN (0x4)

.text           0x0200021c     0x7f94
 *(EXCLUDE_FILE(*.iwram*) .text)
 .text          0x0200021c       0xd4 /Users/adolphcelestin/dist/devkitPRO/devkitARM/bin/../lib/gcc/arm-none-eabi/5.3.0/thumb/crtbegin.o
 .text          0x020002f0       0x6c main.o
                0x020002f0                e_printc
                0x02000310                e_printf
 .text          0x0200035c       0x54 /Users/adolphcelestin/dist/devkitPRO/devkitARM/bin/../lib/gcc/arm-none-eabi/5.3.0/../../../../arm-none-eabi/lib/thumb/libsysbase.a(sbrk.o)
                0x0200035c                _sbrk_r
 .text          0x020003b0      0x104 /Users/adolphcelestin/dist/devkitPRO/devkitARM/bin/../lib/gcc/arm-none-eabi/5.3.0/../../../../arm-none-eabi/lib/thumb/libsysbase.a(syscall_support.o)
                0x020003b0                __libc_lock_init
                0x020003c8                __libc_lock_acquire
                0x020003e0                __libc_lock_try_acquire
                0x02000400                __libc_lock_release
                0x02000418                __libc_lock_close
                0x02000430                __libc_lock_init_recursive
                0x02000448                __libc_lock_acquire_recursive
                0x02000460                __libc_lock_try_acquire_recursive
                0x02000480                __libc_lock_release_recursive
                0x02000498                __libc_lock_close_recursive
 .text          0x020004b4       0x28 /Users/adolphcelestin/dist/devkitPRO/devkitARM/bin/../lib/gcc/arm-none-eabi/5.3.0/../../../../arm-none-eabi/lib/thumb/libsysbase.a(getreent.o)
                0x020004b4                __getreent
 .text          0x020004dc      0x11c /Users/adolphcelestin/dist/devkitPRO/devkitARM/bin/../lib/gcc/arm-none-eabi/5.3.0/thumb/libgcc.a(_udivsi3.o)
                0x020004dc                __udivsi3
                0x020004dc                __aeabi_uidiv
                0x020005d8                __aeabi_uidivmod
 .text          0x020005f8      0x150 /Users/adolphcelestin/dist/devkitPRO/devkitARM/bin/../lib/gcc/arm-none-eabi/5.3.0/thumb/libgcc.a(_divsi3.o)
                0x020005f8                __aeabi_idiv
                0x020005f8                __divsi3
                0x02000728                __aeabi_idivmod
 .text          0x02000748        0x4 /Users/adolphcelestin/dist/devkitPRO/devkitARM/bin/../lib/gcc/arm-none-eabi/5.3.0/thumb/libgcc.a(_dvmd_tls.o)
                0x02000748                __aeabi_ldiv0
                0x02000748                __aeabi_idiv0
 .text          0x0200074c      0x41c /Users/adolphcelestin/dist/devkitPRO/devkitARM/bin/../lib/gcc/arm-none-eabi/5.3.0/thumb/libgcc.a(_arm_addsubdf3.o)
                0x0200074c                __aeabi_drsub
                0x02000754                __subdf3
                0x02000754                __aeabi_dsub
                0x02000758                __aeabi_dadd
                0x02000758                __adddf3
                0x02000a68                __aeabi_ui2d
                0x02000a68                __floatunsidf
                0x02000a8c                __floatsidf
                0x02000a8c                __aeabi_i2d
                0x02000ab4                __extendsfdf2
                0x02000ab4                __aeabi_f2d
                0x02000af4                __aeabi_ul2d
                0x02000af4                __floatundidf
                0x02000b08                __aeabi_l2d
                0x02000b08                __floatdidf
 .text          0x02000b68      0x49c /Users/adolphcelestin/dist/devkitPRO/devkitARM/bin/../lib/gcc/arm-none-eabi/5.3.0/thumb/libgcc.a(_arm_muldivdf3.o)
                0x02000b68                __aeabi_dmul
                0x02000b68                __muldf3
                0x02000df8                __aeabi_ddiv
                0x02000df8                __divdf3
 .text          0x02001004      0x144 /Users/adolphcelestin/dist/devkitPRO/devkitARM/bin/../lib/gcc/arm-none-eabi/5.3.0/thumb/libgcc.a(_arm_cmpdf2.o)
                0x02001004                __gtdf2
                0x02001004                __gedf2
                0x0200100c                __ltdf2
                0x0200100c                __ledf2
                0x02001014                __eqdf2
                0x02001014                __nedf2
                0x02001014                __cmpdf2
                0x0200109c                __aeabi_cdrcmple
                0x020010b8                __aeabi_cdcmple
                0x020010b8                __aeabi_cdcmpeq
                0x020010d0                __aeabi_dcmpeq
                0x020010e8                __aeabi_dcmplt
                0x02001100                __aeabi_dcmple
                0x02001118                __aeabi_dcmpge
                0x02001130                __aeabi_dcmpgt
 .text          0x02001148       0x5c /Users/adolphcelestin/dist/devkitPRO/devkitARM/bin/../lib/gcc/arm-none-eabi/5.3.0/thumb/libgcc.a(_arm_fixdfsi.o)
                0x02001148                __fixdfsi
                0x02001148                __aeabi_d2iz
 .text          0x020011a4       0x3c /Users/adolphcelestin/dist/devkitPRO/devkitARM/bin/../lib/gcc/arm-none-eabi/5.3.0/thumb/libgcc.a(_aeabi_uldivmod.o)
                0x020011a4                __aeabi_uldivmod
 .text          0x020011e0      0x184 /Users/adolphcelestin/dist/devkitPRO/devkitARM/bin/../lib/gcc/arm-none-eabi/5.3.0/thumb/libgcc.a(_udivmoddi4.o)
                0x020011e0                __udivmoddi4
 .text          0x02001364       0x28 /Users/adolphcelestin/dist/devkitPRO/devkitARM/bin/../lib/gcc/arm-none-eabi/5.3.0/thumb/libgcc.a(_clzdi2.o)
                0x02001364                __clzdi2
 .text          0x0200138c       0x48 /Users/adolphcelestin/dist/devkitPRO/devkitARM/bin/../lib/gcc/arm-none-eabi/5.3.0/thumb/libgcc.a(_clzsi2.o)
                0x0200138c                __clzsi2
 *(.text .stub .text.* .gnu.linkonce.t.*)
 .text.startup  0x020013d4       0x20 main.o
                0x020013d4                main
 .text.__libc_init_array
                0x020013f4       0x58 /Users/adolphcelestin/dist/devkitPRO/devkitARM/bin/../lib/gcc/arm-none-eabi/5.3.0/../../../../arm-none-eabi/lib/thumb/libg.a(lib_a-init.o)
                0x020013f4                __libc_init_array
 .text.sprintf  0x0200144c       0x48 /Users/adolphcelestin/dist/devkitPRO/devkitARM/bin/../lib/gcc/arm-none-eabi/5.3.0/../../../../arm-none-eabi/lib/thumb/libg.a(lib_a-sprintf.o)
                0x0200144c                sprintf
 .text.get_arg  0x02001494      0xcb0 /Users/adolphcelestin/dist/devkitPRO/devkitARM/bin/../lib/gcc/arm-none-eabi/5.3.0/../../../../arm-none-eabi/lib/thumb/libg.a(lib_a-svfprintf.o)
 .text._svfprintf_r
                0x02002144     0x3114 /Users/adolphcelestin/dist/devkitPRO/devkitARM/bin/../lib/gcc/arm-none-eabi/5.3.0/../../../../arm-none-eabi/lib/thumb/libg.a(lib_a-svfprintf.o)
                0x02002144                _svfprintf_r
 .text._wcrtomb_r
                0x02005258       0x6c /Users/adolphcelestin/dist/devkitPRO/devkitARM/bin/../lib/gcc/arm-none-eabi/5.3.0/../../../../arm-none-eabi/lib/thumb/libg.a(lib_a-wcrtomb.o)
                0x02005258                _wcrtomb_r
 .text._wcsrtombs_r
                0x020052c4       0x1c /Users/adolphcelestin/dist/devkitPRO/devkitARM/bin/../lib/gcc/arm-none-eabi/5.3.0/../../../../arm-none-eabi/lib/thumb/libg.a(lib_a-wcsrtombs.o)
                0x020052c4                _wcsrtombs_r
 .text.__utf8_wctomb
                0x020052e0       0xbc /Users/adolphcelestin/dist/devkitPRO/devkitARM/bin/../lib/gcc/arm-none-eabi/5.3.0/../../../../arm-none-eabi/lib/thumb/libg.a(lib_a-wctomb_r.o)
                0x020052e0                __utf8_wctomb
 .text.quorem   0x0200539c      0x158 /Users/adolphcelestin/dist/devkitPRO/devkitARM/bin/../lib/gcc/arm-none-eabi/5.3.0/../../../../arm-none-eabi/lib/thumb/libg.a(lib_a-dtoa.o)
 .text._dtoa_r  0x020054f4      0xfd8 /Users/adolphcelestin/dist/devkitPRO/devkitARM/bin/../lib/gcc/arm-none-eabi/5.3.0/../../../../arm-none-eabi/lib/thumb/libg.a(lib_a-dtoa.o)
                0x020054f4                _dtoa_r
 .text._malloc_trim_r
                0x020064cc       0xa4 /Users/adolphcelestin/dist/devkitPRO/devkitARM/bin/../lib/gcc/arm-none-eabi/5.3.0/../../../../arm-none-eabi/lib/thumb/libg.a(lib_a-freer.o)
                0x020064cc                _malloc_trim_r
 .text._free_r  0x02006570      0x1c8 /Users/adolphcelestin/dist/devkitPRO/devkitARM/bin/../lib/gcc/arm-none-eabi/5.3.0/../../../../arm-none-eabi/lib/thumb/libg.a(lib_a-freer.o)
                0x02006570                _free_r
 .text.__locale_charset
                0x02006738        0x8 /Users/adolphcelestin/dist/devkitPRO/devkitARM/bin/../lib/gcc/arm-none-eabi/5.3.0/../../../../arm-none-eabi/lib/thumb/libg.a(lib_a-locale.o)
                0x02006738                __locale_charset
 .text.__locale_mb_cur_max
                0x02006740        0xc /Users/adolphcelestin/dist/devkitPRO/devkitARM/bin/../lib/gcc/arm-none-eabi/5.3.0/../../../../arm-none-eabi/lib/thumb/libg.a(lib_a-locale.o)
                0x02006740                __locale_mb_cur_max
 .text._localeconv_r
                0x0200674c        0x8 /Users/adolphcelestin/dist/devkitPRO/devkitARM/bin/../lib/gcc/arm-none-eabi/5.3.0/../../../../arm-none-eabi/lib/thumb/libg.a(lib_a-locale.o)
                0x0200674c                _localeconv_r
 .text._malloc_r
                0x02006754      0x564 /Users/adolphcelestin/dist/devkitPRO/devkitARM/bin/../lib/gcc/arm-none-eabi/5.3.0/../../../../arm-none-eabi/lib/thumb/libg.a(lib_a-mallocr.o)
                0x02006754                _malloc_r
 .text.__utf8_mbtowc
                0x02006cb8      0x2cc /Users/adolphcelestin/dist/devkitPRO/devkitARM/bin/../lib/gcc/arm-none-eabi/5.3.0/../../../../arm-none-eabi/lib/thumb/libg.a(lib_a-mbtowc_r.o)
                0x02006cb8                __utf8_mbtowc
 .text.memchr   0x02006f84       0x90 /Users/adolphcelestin/dist/devkitPRO/devkitARM/bin/../lib/gcc/arm-none-eabi/5.3.0/../../../../arm-none-eabi/lib/thumb/libg.a(lib_a-memchr.o)
                0x02006f84                memchr
 .text.memcpy   0x02007014       0x80 /Users/adolphcelestin/dist/devkitPRO/devkitARM/bin/../lib/gcc/arm-none-eabi/5.3.0/../../../../arm-none-eabi/lib/thumb/libg.a(lib_a-memcpy.o)
                0x02007014                memcpy
 .text.memset   0x02007094       0x94 /Users/adolphcelestin/dist/devkitPRO/devkitARM/bin/../lib/gcc/arm-none-eabi/5.3.0/../../../../arm-none-eabi/lib/thumb/libg.a(lib_a-memset.o)
                0x02007094                memset
 .text.__malloc_lock
                0x02007128       0x14 /Users/adolphcelestin/dist/devkitPRO/devkitARM/bin/../lib/gcc/arm-none-eabi/5.3.0/../../../../arm-none-eabi/lib/thumb/libg.a(lib_a-mlock.o)
                0x02007128                __malloc_lock
 .text.__malloc_unlock
                0x0200713c       0x14 /Users/adolphcelestin/dist/devkitPRO/devkitARM/bin/../lib/gcc/arm-none-eabi/5.3.0/../../../../arm-none-eabi/lib/thumb/libg.a(lib_a-mlock.o)
                0x0200713c                __malloc_unlock
 .text._Balloc  0x02007150       0x54 /Users/adolphcelestin/dist/devkitPRO/devkitARM/bin/../lib/gcc/arm-none-eabi/5.3.0/../../../../arm-none-eabi/lib/thumb/libg.a(lib_a-mprec.o)
                0x02007150                _Balloc
 .text._Bfree   0x020071a4       0x14 /Users/adolphcelestin/dist/devkitPRO/devkitARM/bin/../lib/gcc/arm-none-eabi/5.3.0/../../../../arm-none-eabi/lib/thumb/libg.a(lib_a-mprec.o)
                0x020071a4                _Bfree
 .text.__multadd
                0x020071b8       0x94 /Users/adolphcelestin/dist/devkitPRO/devkitARM/bin/../lib/gcc/arm-none-eabi/5.3.0/../../../../arm-none-eabi/lib/thumb/libg.a(lib_a-mprec.o)
                0x020071b8                __multadd
 .text.__hi0bits
                0x0200724c       0x3c /Users/adolphcelestin/dist/devkitPRO/devkitARM/bin/../lib/gcc/arm-none-eabi/5.3.0/../../../../arm-none-eabi/lib/thumb/libg.a(lib_a-mprec.o)
                0x0200724c                __hi0bits
 .text.__lo0bits
                0x02007288       0x5c /Users/adolphcelestin/dist/devkitPRO/devkitARM/bin/../lib/gcc/arm-none-eabi/5.3.0/../../../../arm-none-eabi/lib/thumb/libg.a(lib_a-mprec.o)
                0x02007288                __lo0bits
 .text.__i2b    0x020072e4       0x18 /Users/adolphcelestin/dist/devkitPRO/devkitARM/bin/../lib/gcc/arm-none-eabi/5.3.0/../../../../arm-none-eabi/lib/thumb/libg.a(lib_a-mprec.o)
                0x020072e4                __i2b
 .text.__multiply
                0x020072fc      0x16c /Users/adolphcelestin/dist/devkitPRO/devkitARM/bin/../lib/gcc/arm-none-eabi/5.3.0/../../../../arm-none-eabi/lib/thumb/libg.a(lib_a-mprec.o)
                0x020072fc                __multiply
 .text.__pow5mult
                0x02007468       0xc0 /Users/adolphcelestin/dist/devkitPRO/devkitARM/bin/../lib/gcc/arm-none-eabi/5.3.0/../../../../arm-none-eabi/lib/thumb/libg.a(lib_a-mprec.o)
                0x02007468                __pow5mult
 .text.__lshift
                0x02007528       0xc4 /Users/adolphcelestin/dist/devkitPRO/devkitARM/bin/../lib/gcc/arm-none-eabi/5.3.0/../../../../arm-none-eabi/lib/thumb/libg.a(lib_a-mprec.o)
                0x02007528                __lshift
 .text.__mcmp   0x020075ec       0x40 /Users/adolphcelestin/dist/devkitPRO/devkitARM/bin/../lib/gcc/arm-none-eabi/5.3.0/../../../../arm-none-eabi/lib/thumb/libg.a(lib_a-mprec.o)
                0x020075ec                __mcmp
 .text.__mdiff  0x0200762c      0x120 /Users/adolphcelestin/dist/devkitPRO/devkitARM/bin/../lib/gcc/arm-none-eabi/5.3.0/../../../../arm-none-eabi/lib/thumb/libg.a(lib_a-mprec.o)
                0x0200762c                __mdiff
 .text.__d2b    0x0200774c       0xc0 /Users/adolphcelestin/dist/devkitPRO/devkitARM/bin/../lib/gcc/arm-none-eabi/5.3.0/../../../../arm-none-eabi/lib/thumb/libg.a(lib_a-mprec.o)
                0x0200774c                __d2b
 .text.__fpclassifyd
                0x0200780c       0x5c /Users/adolphcelestin/dist/devkitPRO/devkitARM/bin/../lib/gcc/arm-none-eabi/5.3.0/../../../../arm-none-eabi/lib/thumb/libg.a(lib_a-s_fpclassify.o)
                0x0200780c                __fpclassifyd
 .text.frexp    0x02007868       0x74 /Users/adolphcelestin/dist/devkitPRO/devkitARM/bin/../lib/gcc/arm-none-eabi/5.3.0/../../../../arm-none-eabi/lib/thumb/libg.a(lib_a-s_frexp.o)
                0x02007868                frexp
 .text.strlen   0x020078dc       0x6c /Users/adolphcelestin/dist/devkitPRO/devkitARM/bin/../lib/gcc/arm-none-eabi/5.3.0/../../../../arm-none-eabi/lib/thumb/libg.a(lib_a-strlen.o)
                0x020078dc                strlen
 .text.strncpy  0x02007948       0x7c /Users/adolphcelestin/dist/devkitPRO/devkitARM/bin/../lib/gcc/arm-none-eabi/5.3.0/../../../../arm-none-eabi/lib/thumb/libg.a(lib_a-strncpy.o)
                0x02007948                strncpy
 .text.__ssprint_r
                0x020079c4      0x134 /Users/adolphcelestin/dist/devkitPRO/devkitARM/bin/../lib/gcc/arm-none-eabi/5.3.0/../../../../arm-none-eabi/lib/thumb/libg.a(lib_a-svfiprintf.o)
                0x020079c4                __ssprint_r
 .text._wcsnrtombs_r
                0x02007af8      0x118 /Users/adolphcelestin/dist/devkitPRO/devkitARM/bin/../lib/gcc/arm-none-eabi/5.3.0/../../../../arm-none-eabi/lib/thumb/libg.a(lib_a-wcsnrtombs.o)
                0x02007af8                _wcsnrtombs_r
 .text._calloc_r
                0x02007c10       0x64 /Users/adolphcelestin/dist/devkitPRO/devkitARM/bin/../lib/gcc/arm-none-eabi/5.3.0/../../../../arm-none-eabi/lib/thumb/libg.a(lib_a-callocr.o)
                0x02007c10                _calloc_r
 .text.memmove  0x02007c74       0x9c /Users/adolphcelestin/dist/devkitPRO/devkitARM/bin/../lib/gcc/arm-none-eabi/5.3.0/../../../../arm-none-eabi/lib/thumb/libg.a(lib_a-memmove.o)
                0x02007c74                memmove
 .text._realloc_r
                0x02007d10      0x3ec /Users/adolphcelestin/dist/devkitPRO/devkitARM/bin/../lib/gcc/arm-none-eabi/5.3.0/../../../../arm-none-eabi/lib/thumb/libg.a(lib_a-reallocr.o)
                0x02007d10                _realloc_r
 *fill*         0x020080fc        0x4 ff
 .text._realloc_r.__stub
                0x02008100       0xa4 linker stubs
 *(.text.*personality*)
 *(.gnu.warning)
 *(.glue_7t)
 .glue_7t       0x020081b0        0x0 linker stubs
 *(.glue_7)
 .glue_7        0x020081b0        0x0 linker stubs
 *(.vfp11_veneer)
 .vfp11_veneer  0x020081b0        0x0 linker stubs
                0x020081b0                . = ALIGN (0x4)
                0x020081b0                __text_end = .

.v4_bx          0x020081b0        0x0
 .v4_bx         0x020081b0        0x0 linker stubs

.iplt           0x020081b0        0x0
 .iplt          0x020081b0        0x0 /Users/adolphcelestin/dist/devkitPRO/devkitARM/bin/../lib/gcc/arm-none-eabi/5.3.0/../../../../arm-none-eabi/lib/thumb/gba_crt0.o

.fini           0x020081b0        0xc
 *(.fini)
 .fini          0x020081b0        0x4 /Users/adolphcelestin/dist/devkitPRO/devkitARM/bin/../lib/gcc/arm-none-eabi/5.3.0/thumb/crti.o
                0x020081b0                _fini
 .fini          0x020081b4        0x8 /Users/adolphcelestin/dist/devkitPRO/devkitARM/bin/../lib/gcc/arm-none-eabi/5.3.0/thumb/crtn.o
                0x020081bc                . = ALIGN (0x4)

.rodata         0x020081c0      0xf18
 *(.rodata)
 *all.rodata*(*)
 *(.roda)
 *(.rodata.*)
 .rodata.str1.4
                0x020081c0       0x21 main.o
                                 0x24 (size before relaxing)
 *fill*         0x020081e1        0x3 ff
 .rodata.get_arg
                0x020081e4      0x914 /Users/adolphcelestin/dist/devkitPRO/devkitARM/bin/../lib/gcc/arm-none-eabi/5.3.0/../../../../arm-none-eabi/lib/thumb/libg.a(lib_a-svfprintf.o)
 .rodata._svfprintf_r
                0x02008af8      0x16c /Users/adolphcelestin/dist/devkitPRO/devkitARM/bin/../lib/gcc/arm-none-eabi/5.3.0/../../../../arm-none-eabi/lib/thumb/libg.a(lib_a-svfprintf.o)
 .rodata.blanks.7120
                0x02008c64       0x10 /Users/adolphcelestin/dist/devkitPRO/devkitARM/bin/../lib/gcc/arm-none-eabi/5.3.0/../../../../arm-none-eabi/lib/thumb/libg.a(lib_a-svfprintf.o)
 .rodata.str1.4
                0x02008c74       0x42 /Users/adolphcelestin/dist/devkitPRO/devkitARM/bin/../lib/gcc/arm-none-eabi/5.3.0/../../../../arm-none-eabi/lib/thumb/libg.a(lib_a-svfprintf.o)
                                 0x44 (size before relaxing)
 *fill*         0x02008cb6        0x2 ff
 .rodata.zeroes.7121
                0x02008cb8       0x10 /Users/adolphcelestin/dist/devkitPRO/devkitARM/bin/../lib/gcc/arm-none-eabi/5.3.0/../../../../arm-none-eabi/lib/thumb/libg.a(lib_a-svfprintf.o)
 .rodata.str1.4
                0x02008cc8       0x10 /Users/adolphcelestin/dist/devkitPRO/devkitARM/bin/../lib/gcc/arm-none-eabi/5.3.0/../../../../arm-none-eabi/lib/thumb/libg.a(lib_a-dtoa.o)
                                 0x14 (size before relaxing)
 .rodata.str1.4
                0x02008cd8      0x12c /Users/adolphcelestin/dist/devkitPRO/devkitARM/bin/../lib/gcc/arm-none-eabi/5.3.0/../../../../arm-none-eabi/lib/thumb/libg.a(lib_a-locale.o)
                                0x130 (size before relaxing)
 .rodata.p05.5410
                0x02008e04        0xc /Users/adolphcelestin/dist/devkitPRO/devkitARM/bin/../lib/gcc/arm-none-eabi/5.3.0/../../../../arm-none-eabi/lib/thumb/libg.a(lib_a-mprec.o)
 .rodata.__mprec_bigtens
                0x02008e10       0x28 /Users/adolphcelestin/dist/devkitPRO/devkitARM/bin/../lib/gcc/arm-none-eabi/5.3.0/../../../../arm-none-eabi/lib/thumb/libg.a(lib_a-mprec.o)
                0x02008e10                __mprec_bigtens
 .rodata.__mprec_tens
                0x02008e38       0xc8 /Users/adolphcelestin/dist/devkitPRO/devkitARM/bin/../lib/gcc/arm-none-eabi/5.3.0/../../../../arm-none-eabi/lib/thumb/libg.a(lib_a-mprec.o)
                0x02008e38                __mprec_tens
 .rodata.__state_table
                0x02008f00       0x6c /Users/adolphcelestin/dist/devkitPRO/devkitARM/bin/../lib/gcc/arm-none-eabi/5.3.0/../../../../arm-none-eabi/lib/thumb/libg.a(lib_a-svfiprintf.o)
                0x02008f00                __state_table
 .rodata.__chclass
                0x02008f6c      0x100 /Users/adolphcelestin/dist/devkitPRO/devkitARM/bin/../lib/gcc/arm-none-eabi/5.3.0/../../../../arm-none-eabi/lib/thumb/libg.a(lib_a-svfiprintf.o)
                0x02008f6c                __chclass
 .rodata.__action_table
                0x0200906c       0x6c /Users/adolphcelestin/dist/devkitPRO/devkitARM/bin/../lib/gcc/arm-none-eabi/5.3.0/../../../../arm-none-eabi/lib/thumb/libg.a(lib_a-svfiprintf.o)
                0x0200906c                __action_table
 .rodata.str1.4
                0x020090d8        0x4 /Users/adolphcelestin/dist/devkitPRO/devkitARM/bin/../lib/gcc/arm-none-eabi/5.3.0/../../../../arm-none-eabi/lib/thumb/libg.a(lib_a-impure.o)
 *(.gnu.linkonce.r*)
                0x020090dc                . = ALIGN (0x4)

.ARM.extab
 *(.ARM.extab* .gnu.linkonce.armextab.*)
                0x020090dc                __exidx_start = .

.ARM.exidx
 *(.ARM.exidx* .gnu.linkonce.armexidx.*)
                0x020090dc                __exidx_end = .
                0x020090dc                . = ALIGN (0x4)
                0x020090dc                PROVIDE (__preinit_array_start, .)

.preinit_array
 *(.preinit_array)
                0x020090dc                PROVIDE (__preinit_array_end, .)
                0x020090dc                PROVIDE (__init_array_start, .)

.init_array     0x020090d8        0x4
 *(.init_array)
 .init_array    0x020090d8        0x4 /Users/adolphcelestin/dist/devkitPRO/devkitARM/bin/../lib/gcc/arm-none-eabi/5.3.0/thumb/crtbegin.o
                0x020090dc                PROVIDE (__init_array_end, .)
                [!provide]                PROVIDE (__fini_array_start, .)

.fini_array     0x020090dc        0x4
 *(.fini_array)
 .fini_array    0x020090dc        0x4 /Users/adolphcelestin/dist/devkitPRO/devkitARM/bin/../lib/gcc/arm-none-eabi/5.3.0/thumb/crtbegin.o
                [!provide]                PROVIDE (__fini_array_end, .)

.ctors          0x020090e0        0x0
 *crtbegin.o(.ctors)
 *(EXCLUDE_FILE(*crtend.o) .ctors)
 *(SORT(.ctors.*))
 *(.ctors)
                0x020090e0                . = ALIGN (0x4)

.dtors          0x020090e0        0x0
 *crtbegin.o(.dtors)
 *(EXCLUDE_FILE(*crtend.o) .dtors)
 *(SORT(.dtors.*))
 *(.dtors)
                0x020090e0                . = ALIGN (0x4)

.jcr            0x020090e0        0x4
 *(.jcr)
 .jcr           0x020090e0        0x0 /Users/adolphcelestin/dist/devkitPRO/devkitARM/bin/../lib/gcc/arm-none-eabi/5.3.0/thumb/crtbegin.o
 .jcr           0x020090e0        0x4 /Users/adolphcelestin/dist/devkitPRO/devkitARM/bin/../lib/gcc/arm-none-eabi/5.3.0/thumb/crtend.o

.eh_frame       0x020090e4        0x4
 *(.eh_frame)
 .eh_frame      0x020090e4        0x0 /Users/adolphcelestin/dist/devkitPRO/devkitARM/bin/../lib/gcc/arm-none-eabi/5.3.0/thumb/crtbegin.o
 .eh_frame      0x020090e4        0x0 /Users/adolphcelestin/dist/devkitPRO/devkitARM/bin/../lib/gcc/arm-none-eabi/5.3.0/../../../../arm-none-eabi/lib/thumb/libg.a(lib_a-strcmp.o)
                                 0x44 (size before relaxing)
 .eh_frame      0x020090e4        0x4 /Users/adolphcelestin/dist/devkitPRO/devkitARM/bin/../lib/gcc/arm-none-eabi/5.3.0/thumb/crtend.o
                0x020090e8                . = ALIGN (0x4)

.rel.dyn        0x020090e8        0x0
 .rel.iplt      0x020090e8        0x0 /Users/adolphcelestin/dist/devkitPRO/devkitARM/bin/../lib/gcc/arm-none-eabi/5.3.0/../../../../arm-none-eabi/lib/thumb/gba_crt0.o

.gcc_except_table
                0x020090e8        0x0
 *(.gcc_except_table)
                0x020090e8                . = ALIGN (0x4)
                0x020090e8                __iwram_lma = .

.iwram          0x03000000        0x0 load address 0x020090e8
                0x03000000                __iwram_start__ = ABSOLUTE (.)
 *(.iwram)
 *iwram.*(.text)
                0x03000000                . = ALIGN (0x4)
                0x03000000                __iwram_end__ = ABSOLUTE (.)
                0x020090e8                __data_lma = (__iwram_lma + SIZEOF (.iwram))

.bss            0x03000000       0x94
                0x03000000                __bss_start__ = ABSOLUTE (.)
 *(.dynbss)
 *(.gnu.linkonce.b*)
 *(.bss*)
 .bss           0x03000000       0x1c /Users/adolphcelestin/dist/devkitPRO/devkitARM/bin/../lib/gcc/arm-none-eabi/5.3.0/thumb/crtbegin.o
 .bss.__malloc_max_total_mem
                0x0300001c        0x4 /Users/adolphcelestin/dist/devkitPRO/devkitARM/bin/../lib/gcc/arm-none-eabi/5.3.0/../../../../arm-none-eabi/lib/thumb/libg.a(lib_a-mallocr.o)
                0x0300001c                __malloc_max_total_mem
 .bss.__malloc_max_sbrked_mem
                0x03000020        0x4 /Users/adolphcelestin/dist/devkitPRO/devkitARM/bin/../lib/gcc/arm-none-eabi/5.3.0/../../../../arm-none-eabi/lib/thumb/libg.a(lib_a-mallocr.o)
                0x03000020                __malloc_max_sbrked_mem
 .bss.__malloc_top_pad
                0x03000024        0x4 /Users/adolphcelestin/dist/devkitPRO/devkitARM/bin/../lib/gcc/arm-none-eabi/5.3.0/../../../../arm-none-eabi/lib/thumb/libg.a(lib_a-mallocr.o)
                0x03000024                __malloc_top_pad
 .bss.__malloc_current_mallinfo
                0x03000028       0x28 /Users/adolphcelestin/dist/devkitPRO/devkitARM/bin/../lib/gcc/arm-none-eabi/5.3.0/../../../../arm-none-eabi/lib/thumb/libg.a(lib_a-mallocr.o)
                0x03000028                __malloc_current_mallinfo
 .bss           0x03000050        0x4 /Users/adolphcelestin/dist/devkitPRO/devkitARM/bin/../lib/gcc/arm-none-eabi/5.3.0/../../../../arm-none-eabi/lib/thumb/libsysbase.a(sbrk.o)
 .bss           0x03000054        0x8 /Users/adolphcelestin/dist/devkitPRO/devkitARM/bin/../lib/gcc/arm-none-eabi/5.3.0/../../../../arm-none-eabi/lib/thumb/libsysbase.a(malloc_vars.o)
                0x03000054                fake_heap_start
                0x03000058                fake_heap_end
 .bss           0x0300005c       0x38 /Users/adolphcelestin/dist/devkitPRO/devkitARM/bin/../lib/gcc/arm-none-eabi/5.3.0/../../../../arm-none-eabi/lib/thumb/libsysbase.a(syscall_support.o)
                0x0300005c                __syscalls
 *(COMMON)
                0x03000094                . = ALIGN (0x4)
                0x03000094                __bss_end__ = ABSOLUTE (.)

.data           0x03000094      0x8c8 load address 0x020090e8
                0x03000094                __data_start__ = ABSOLUTE (.)
 *(.data)
 *(.data.*)
 .data.__wctomb
                0x03000094        0x4 /Users/adolphcelestin/dist/devkitPRO/devkitARM/bin/../lib/gcc/arm-none-eabi/5.3.0/../../../../arm-none-eabi/lib/thumb/libg.a(lib_a-wctomb_r.o)
                0x03000094                __wctomb
 .data.lconv    0x03000098       0x38 /Users/adolphcelestin/dist/devkitPRO/devkitARM/bin/../lib/gcc/arm-none-eabi/5.3.0/../../../../arm-none-eabi/lib/thumb/libg.a(lib_a-locale.o)
 .data.lc_ctype_charset
                0x030000d0       0x20 /Users/adolphcelestin/dist/devkitPRO/devkitARM/bin/../lib/gcc/arm-none-eabi/5.3.0/../../../../arm-none-eabi/lib/thumb/libg.a(lib_a-locale.o)
 .data.__mb_cur_max
                0x030000f0        0x4 /Users/adolphcelestin/dist/devkitPRO/devkitARM/bin/../lib/gcc/arm-none-eabi/5.3.0/../../../../arm-none-eabi/lib/thumb/libg.a(lib_a-locale.o)
                0x030000f0                __mb_cur_max
 .data.__malloc_av_
                0x030000f4      0x408 /Users/adolphcelestin/dist/devkitPRO/devkitARM/bin/../lib/gcc/arm-none-eabi/5.3.0/../../../../arm-none-eabi/lib/thumb/libg.a(lib_a-mallocr.o)
                0x030000f4                __malloc_av_
 .data.__malloc_trim_threshold
                0x030004fc        0x4 /Users/adolphcelestin/dist/devkitPRO/devkitARM/bin/../lib/gcc/arm-none-eabi/5.3.0/../../../../arm-none-eabi/lib/thumb/libg.a(lib_a-mallocr.o)
                0x030004fc                __malloc_trim_threshold
 .data.__malloc_sbrk_base
                0x03000500        0x4 /Users/adolphcelestin/dist/devkitPRO/devkitARM/bin/../lib/gcc/arm-none-eabi/5.3.0/../../../../arm-none-eabi/lib/thumb/libg.a(lib_a-mallocr.o)
                0x03000500                __malloc_sbrk_base
 .data.__mbtowc
                0x03000504        0x4 /Users/adolphcelestin/dist/devkitPRO/devkitARM/bin/../lib/gcc/arm-none-eabi/5.3.0/../../../../arm-none-eabi/lib/thumb/libg.a(lib_a-mbtowc_r.o)
                0x03000504                __mbtowc
 .data.__malloc_lock_object
                0x03000508        0xc /Users/adolphcelestin/dist/devkitPRO/devkitARM/bin/../lib/gcc/arm-none-eabi/5.3.0/../../../../arm-none-eabi/lib/thumb/libg.a(lib_a-mlock.o)
 *fill*         0x03000514        0x4 ff
 .data.impure_data
                0x03000518      0x440 /Users/adolphcelestin/dist/devkitPRO/devkitARM/bin/../lib/gcc/arm-none-eabi/5.3.0/../../../../arm-none-eabi/lib/thumb/libg.a(lib_a-impure.o)
 .data._impure_ptr
                0x03000958        0x4 /Users/adolphcelestin/dist/devkitPRO/devkitARM/bin/../lib/gcc/arm-none-eabi/5.3.0/../../../../arm-none-eabi/lib/thumb/libg.a(lib_a-impure.o)
                0x03000958                _impure_ptr
 *(.gnu.linkonce.d*)
                0x0300095c                . = ALIGN (0x4)
                0x0300095c                __data_end__ = ABSOLUTE (.)
                0x020099b0                __iwram_overlay_lma = (__data_lma + SIZEOF (.data))
                [!provide]                PROVIDE (edata, .)
                0x0300095c                __iwram_overlay_start = .

.igot.plt       0x0300095c        0x0 load address 0x020099b0
 .igot.plt      0x0300095c        0x0 /Users/adolphcelestin/dist/devkitPRO/devkitARM/bin/../lib/gcc/arm-none-eabi/5.3.0/../../../../arm-none-eabi/lib/thumb/gba_crt0.o

.tm_clone_table
                0x0300095c        0x0 load address 0x020099b0
 .tm_clone_table
                0x0300095c        0x0 /Users/adolphcelestin/dist/devkitPRO/devkitARM/bin/../lib/gcc/arm-none-eabi/5.3.0/thumb/crtbegin.o
 .tm_clone_table
                0x0300095c        0x0 /Users/adolphcelestin/dist/devkitPRO/devkitARM/bin/../lib/gcc/arm-none-eabi/5.3.0/thumb/crtend.o

.iwram0         0x0300095c        0x0 load address 0x020099b0
 *(.iwram0)
                0x0300095c                . = ALIGN (0x4)
                0x020099b0                PROVIDE (__load_start_iwram0, LOADADDR (.iwram0))
                0x020099b0                PROVIDE (__load_stop_iwram0, (LOADADDR (.iwram0) + SIZEOF (.iwram0)))

.iwram1         0x0300095c        0x0
 *(.iwram1)
                0x0300095c                . = ALIGN (0x4)
                [!provide]                PROVIDE (__load_start_iwram1, LOADADDR (.iwram1))
                [!provide]                PROVIDE (__load_stop_iwram1, (LOADADDR (.iwram1) + SIZEOF (.iwram1)))

.iwram2         0x0300095c        0x0
 *(.iwram2)
                0x0300095c                . = ALIGN (0x4)
                [!provide]                PROVIDE (__load_start_iwram2, LOADADDR (.iwram2))
                [!provide]                PROVIDE (__load_stop_iwram2, (LOADADDR (.iwram2) + SIZEOF (.iwram2)))

.iwram3         0x0300095c        0x0
 *(.iwram3)
                0x0300095c                . = ALIGN (0x4)
                [!provide]                PROVIDE (__load_start_iwram3, LOADADDR (.iwram3))
                [!provide]                PROVIDE (__load_stop_iwram3, (LOADADDR (.iwram3) + SIZEOF (.iwram3)))

.iwram4         0x0300095c        0x0
 *(.iwram4)
                0x0300095c                . = ALIGN (0x4)
                [!provide]                PROVIDE (__load_start_iwram4, LOADADDR (.iwram4))
                [!provide]                PROVIDE (__load_stop_iwram4, (LOADADDR (.iwram4) + SIZEOF (.iwram4)))

.iwram5         0x0300095c        0x0
 *(.iwram5)
                0x0300095c                . = ALIGN (0x4)
                [!provide]                PROVIDE (__load_start_iwram5, LOADADDR (.iwram5))
                [!provide]                PROVIDE (__load_stop_iwram5, (LOADADDR (.iwram5) + SIZEOF (.iwram5)))

.iwram6         0x0300095c        0x0
 *(.iwram6)
                0x0300095c                . = ALIGN (0x4)
                [!provide]                PROVIDE (__load_start_iwram6, LOADADDR (.iwram6))
                [!provide]                PROVIDE (__load_stop_iwram6, (LOADADDR (.iwram6) + SIZEOF (.iwram6)))

.iwram7         0x0300095c        0x0
 *(.iwram7)
                0x0300095c                . = ALIGN (0x4)
                [!provide]                PROVIDE (__load_start_iwram7, LOADADDR (.iwram7))
                [!provide]                PROVIDE (__load_stop_iwram7, (LOADADDR (.iwram7) + SIZEOF (.iwram7)))

.iwram8         0x0300095c        0x0
 *(.iwram8)
                0x0300095c                . = ALIGN (0x4)
                [!provide]                PROVIDE (__load_start_iwram8, LOADADDR (.iwram8))
                [!provide]                PROVIDE (__load_stop_iwram8, (LOADADDR (.iwram8) + SIZEOF (.iwram8)))

.iwram9         0x0300095c        0x0
 *(.iwram9)
                0x0300095c                . = ALIGN (0x4)
                [!provide]                PROVIDE (__load_start_iwram9, LOADADDR (.iwram9))
                [!provide]                PROVIDE (__load_stop_iwram9, (LOADADDR (.iwram9) + SIZEOF (.iwram9)))
                0x020099b0                __ewram_lma = ((((((((((LOADADDR (.iwram0) + SIZEOF (.iwram0)) + SIZEOF (.iwram1)) + SIZEOF (.iwram2)) + SIZEOF (.iwram3)) + SIZEOF (.iwram4)) + SIZEOF (.iwram5)) + SIZEOF (.iwram6)) + SIZEOF (.iwram7)) + SIZEOF (.iwram8)) + SIZEOF (.iwram9))
                0x020099b0                __iwram_overlay_end = __ewram_lma
                0x020099b0                __ewram_start = __ewram_lma

.ewram          0x020099b0        0x0
 *(.ewram)
                0x020099b0                . = ALIGN (0x4)
                0x020099b0                __ewram_end = ABSOLUTE (.)
                0x020099b0                __ewram_overlay_lma = (__ewram_lma + SIZEOF (.ewram))

.sbss           0x020099b0        0x0
                0x020099b0                __sbss_start__ = ABSOLUTE (.)
 *(.sbss)
                0x020099b0                . = ALIGN (0x4)
                0x020099b0                __sbss_end__ = ABSOLUTE (.)
                0x020099b0                __end__ = ABSOLUTE (.)
                0x020099b0                __eheap_start = ABSOLUTE (.)

.ewram0         0x020099b0        0x0
 *(.ewram0)
                0x020099b0                . = ALIGN (0x4)
                [!provide]                PROVIDE (__load_start_ewram0, LOADADDR (.ewram0))
                [!provide]                PROVIDE (__load_stop_ewram0, (LOADADDR (.ewram0) + SIZEOF (.ewram0)))

.ewram1         0x020099b0        0x0
 *(.ewram1)
                0x020099b0                . = ALIGN (0x4)
                [!provide]                PROVIDE (__load_start_ewram1, LOADADDR (.ewram1))
                [!provide]                PROVIDE (__load_stop_ewram1, (LOADADDR (.ewram1) + SIZEOF (.ewram1)))

.ewram2         0x020099b0        0x0
 *(.ewram2)
                0x020099b0                . = ALIGN (0x4)
                [!provide]                PROVIDE (__load_start_ewram2, LOADADDR (.ewram2))
                [!provide]                PROVIDE (__load_stop_ewram2, (LOADADDR (.ewram2) + SIZEOF (.ewram2)))

.ewram3         0x020099b0        0x0
 *(.ewram3)
                0x020099b0                . = ALIGN (0x4)
                [!provide]                PROVIDE (__load_start_ewram3, LOADADDR (.ewram3))
                [!provide]                PROVIDE (__load_stop_ewram3, (LOADADDR (.ewram3) + SIZEOF (.ewram3)))

.ewram4         0x020099b0        0x0
 *(.ewram4)
                0x020099b0                . = ALIGN (0x4)
                [!provide]                PROVIDE (__load_start_ewram4, LOADADDR (.ewram4))
                [!provide]                PROVIDE (__load_stop_ewram4, (LOADADDR (.ewram4) + SIZEOF (.ewram4)))

.ewram5         0x020099b0        0x0
 *(.ewram5)
                0x020099b0                . = ALIGN (0x4)
                [!provide]                PROVIDE (__load_start_ewram5, LOADADDR (.ewram5))
                [!provide]                PROVIDE (__load_stop_ewram5, (LOADADDR (.ewram5) + SIZEOF (.ewram5)))

.ewram6         0x020099b0        0x0
 *(.ewram6)
                0x020099b0                . = ALIGN (0x4)
                [!provide]                PROVIDE (__load_start_ewram6, LOADADDR (.ewram6))
                [!provide]                PROVIDE (__load_stop_ewram6, (LOADADDR (.ewram6) + SIZEOF (.ewram6)))

.ewram7         0x020099b0        0x0
 *(.ewram7)
                0x020099b0                . = ALIGN (0x4)
                [!provide]                PROVIDE (__load_start_ewram7, LOADADDR (.ewram7))
                [!provide]                PROVIDE (__load_stop_ewram7, (LOADADDR (.ewram7) + SIZEOF (.ewram7)))

.ewram8         0x020099b0        0x0
 *(.ewram8)
                0x020099b0                . = ALIGN (0x4)
                [!provide]                PROVIDE (__load_start_ewram8, LOADADDR (.ewram8))
                [!provide]                PROVIDE (__load_stop_ewram8, (LOADADDR (.ewram8) + SIZEOF (.ewram8)))

.ewram9         0x020099b0        0x0
 *(.ewram9)
                0x020099b0                . = ALIGN (0x4)
                [!provide]                PROVIDE (__load_start_ewram9, LOADADDR (.ewram9))
                [!provide]                PROVIDE (__load_stop_ewram9, (LOADADDR (.ewram9) + SIZEOF (.ewram9)))
                0x020099b0                __ewram_overlay_end = ABSOLUTE (.)
                0x020099b0                __eheap_start = __ewram_overlay_end
                0x020099b0                _end = __ewram_overlay_end
                0x020099b0                __end__ = __ewram_overlay_end
                0x020099b0                __rom_end__ = __ewram_overlay_end

.stab
 *(.stab)

.stabstr
 *(.stabstr)

.stab.excl
 *(.stab.excl)

.stab.exclstr
 *(.stab.exclstr)

.stab.index
 *(.stab.index)

.stab.indexstr
 *(.stab.indexstr)

.comment        0x00000000       0x22
 *(.comment)
 .comment       0x00000000       0x22 /Users/adolphcelestin/dist/devkitPRO/devkitARM/bin/../lib/gcc/arm-none-eabi/5.3.0/thumb/crtbegin.o
                                 0x23 (size before relaxing)
 .comment       0x00000022       0x23 main.o
 .comment       0x00000022       0x23 /Users/adolphcelestin/dist/devkitPRO/devkitARM/bin/../lib/gcc/arm-none-eabi/5.3.0/../../../../arm-none-eabi/lib/thumb/libg.a(lib_a-init.o)
 .comment       0x00000022       0x23 /Users/adolphcelestin/dist/devkitPRO/devkitARM/bin/../lib/gcc/arm-none-eabi/5.3.0/../../../../arm-none-eabi/lib/thumb/libg.a(lib_a-sprintf.o)
 .comment       0x00000022       0x23 /Users/adolphcelestin/dist/devkitPRO/devkitARM/bin/../lib/gcc/arm-none-eabi/5.3.0/../../../../arm-none-eabi/lib/thumb/libg.a(lib_a-svfprintf.o)
 .comment       0x00000022       0x23 /Users/adolphcelestin/dist/devkitPRO/devkitARM/bin/../lib/gcc/arm-none-eabi/5.3.0/../../../../arm-none-eabi/lib/thumb/libg.a(lib_a-wcrtomb.o)
 .comment       0x00000022       0x23 /Users/adolphcelestin/dist/devkitPRO/devkitARM/bin/../lib/gcc/arm-none-eabi/5.3.0/../../../../arm-none-eabi/lib/thumb/libg.a(lib_a-wcsrtombs.o)
 .comment       0x00000022       0x23 /Users/adolphcelestin/dist/devkitPRO/devkitARM/bin/../lib/gcc/arm-none-eabi/5.3.0/../../../../arm-none-eabi/lib/thumb/libg.a(lib_a-wctomb_r.o)
 .comment       0x00000022       0x23 /Users/adolphcelestin/dist/devkitPRO/devkitARM/bin/../lib/gcc/arm-none-eabi/5.3.0/../../../../arm-none-eabi/lib/thumb/libg.a(lib_a-dtoa.o)
 .comment       0x00000022       0x23 /Users/adolphcelestin/dist/devkitPRO/devkitARM/bin/../lib/gcc/arm-none-eabi/5.3.0/../../../../arm-none-eabi/lib/thumb/libg.a(lib_a-freer.o)
 .comment       0x00000022       0x23 /Users/adolphcelestin/dist/devkitPRO/devkitARM/bin/../lib/gcc/arm-none-eabi/5.3.0/../../../../arm-none-eabi/lib/thumb/libg.a(lib_a-locale.o)
 .comment       0x00000022       0x23 /Users/adolphcelestin/dist/devkitPRO/devkitARM/bin/../lib/gcc/arm-none-eabi/5.3.0/../../../../arm-none-eabi/lib/thumb/libg.a(lib_a-mallocr.o)
 .comment       0x00000022       0x23 /Users/adolphcelestin/dist/devkitPRO/devkitARM/bin/../lib/gcc/arm-none-eabi/5.3.0/../../../../arm-none-eabi/lib/thumb/libg.a(lib_a-mbtowc_r.o)
 .comment       0x00000022       0x23 /Users/adolphcelestin/dist/devkitPRO/devkitARM/bin/../lib/gcc/arm-none-eabi/5.3.0/../../../../arm-none-eabi/lib/thumb/libg.a(lib_a-memchr.o)
 .comment       0x00000022       0x23 /Users/adolphcelestin/dist/devkitPRO/devkitARM/bin/../lib/gcc/arm-none-eabi/5.3.0/../../../../arm-none-eabi/lib/thumb/libg.a(lib_a-memcpy.o)
 .comment       0x00000022       0x23 /Users/adolphcelestin/dist/devkitPRO/devkitARM/bin/../lib/gcc/arm-none-eabi/5.3.0/../../../../arm-none-eabi/lib/thumb/libg.a(lib_a-memset.o)
 .comment       0x00000022       0x23 /Users/adolphcelestin/dist/devkitPRO/devkitARM/bin/../lib/gcc/arm-none-eabi/5.3.0/../../../../arm-none-eabi/lib/thumb/libg.a(lib_a-mlock.o)
 .comment       0x00000022       0x23 /Users/adolphcelestin/dist/devkitPRO/devkitARM/bin/../lib/gcc/arm-none-eabi/5.3.0/../../../../arm-none-eabi/lib/thumb/libg.a(lib_a-mprec.o)
 .comment       0x00000022       0x23 /Users/adolphcelestin/dist/devkitPRO/devkitARM/bin/../lib/gcc/arm-none-eabi/5.3.0/../../../../arm-none-eabi/lib/thumb/libg.a(lib_a-s_fpclassify.o)
 .comment       0x00000022       0x23 /Users/adolphcelestin/dist/devkitPRO/devkitARM/bin/../lib/gcc/arm-none-eabi/5.3.0/../../../../arm-none-eabi/lib/thumb/libg.a(lib_a-s_frexp.o)
 .comment       0x00000022       0x23 /Users/adolphcelestin/dist/devkitPRO/devkitARM/bin/../lib/gcc/arm-none-eabi/5.3.0/../../../../arm-none-eabi/lib/thumb/libg.a(lib_a-strlen.o)
 .comment       0x00000022       0x23 /Users/adolphcelestin/dist/devkitPRO/devkitARM/bin/../lib/gcc/arm-none-eabi/5.3.0/../../../../arm-none-eabi/lib/thumb/libg.a(lib_a-strncpy.o)
 .comment       0x00000022       0x23 /Users/adolphcelestin/dist/devkitPRO/devkitARM/bin/../lib/gcc/arm-none-eabi/5.3.0/../../../../arm-none-eabi/lib/thumb/libg.a(lib_a-svfiprintf.o)
 .comment       0x00000022       0x23 /Users/adolphcelestin/dist/devkitPRO/devkitARM/bin/../lib/gcc/arm-none-eabi/5.3.0/../../../../arm-none-eabi/lib/thumb/libg.a(lib_a-wcsnrtombs.o)
 .comment       0x00000022       0x23 /Users/adolphcelestin/dist/devkitPRO/devkitARM/bin/../lib/gcc/arm-none-eabi/5.3.0/../../../../arm-none-eabi/lib/thumb/libg.a(lib_a-callocr.o)
 .comment       0x00000022       0x23 /Users/adolphcelestin/dist/devkitPRO/devkitARM/bin/../lib/gcc/arm-none-eabi/5.3.0/../../../../arm-none-eabi/lib/thumb/libg.a(lib_a-memmove.o)
 .comment       0x00000022       0x23 /Users/adolphcelestin/dist/devkitPRO/devkitARM/bin/../lib/gcc/arm-none-eabi/5.3.0/../../../../arm-none-eabi/lib/thumb/libg.a(lib_a-reallocr.o)
 .comment       0x00000022       0x23 /Users/adolphcelestin/dist/devkitPRO/devkitARM/bin/../lib/gcc/arm-none-eabi/5.3.0/../../../../arm-none-eabi/lib/thumb/libsysbase.a(sbrk.o)
 .comment       0x00000022       0x23 /Users/adolphcelestin/dist/devkitPRO/devkitARM/bin/../lib/gcc/arm-none-eabi/5.3.0/../../../../arm-none-eabi/lib/thumb/libsysbase.a(malloc_vars.o)
 .comment       0x00000022       0x23 /Users/adolphcelestin/dist/devkitPRO/devkitARM/bin/../lib/gcc/arm-none-eabi/5.3.0/../../../../arm-none-eabi/lib/thumb/libsysbase.a(syscall_support.o)
 .comment       0x00000022       0x23 /Users/adolphcelestin/dist/devkitPRO/devkitARM/bin/../lib/gcc/arm-none-eabi/5.3.0/../../../../arm-none-eabi/lib/thumb/libsysbase.a(getreent.o)
 .comment       0x00000022       0x23 /Users/adolphcelestin/dist/devkitPRO/devkitARM/bin/../lib/gcc/arm-none-eabi/5.3.0/thumb/libgcc.a(_udivmoddi4.o)
 .comment       0x00000022       0x23 /Users/adolphcelestin/dist/devkitPRO/devkitARM/bin/../lib/gcc/arm-none-eabi/5.3.0/../../../../arm-none-eabi/lib/thumb/libg.a(lib_a-impure.o)
 .comment       0x00000022       0x23 /Users/adolphcelestin/dist/devkitPRO/devkitARM/bin/../lib/gcc/arm-none-eabi/5.3.0/thumb/crtend.o

.ARM.attributes
                0x00000000       0x2b
 .ARM.attributes
                0x00000000       0x16 /Users/adolphcelestin/dist/devkitPRO/devkitARM/bin/../lib/gcc/arm-none-eabi/5.3.0/../../../../arm-none-eabi/lib/thumb/gba_crt0.o
 .ARM.attributes
                0x00000016       0x16 /Users/adolphcelestin/dist/devkitPRO/devkitARM/bin/../lib/gcc/arm-none-eabi/5.3.0/thumb/crti.o
 .ARM.attributes
                0x0000002c       0x30 /Users/adolphcelestin/dist/devkitPRO/devkitARM/bin/../lib/gcc/arm-none-eabi/5.3.0/thumb/crtbegin.o
 .ARM.attributes
                0x0000005c       0x2c main.o
 .ARM.attributes
                0x00000088       0x30 /Users/adolphcelestin/dist/devkitPRO/devkitARM/bin/../lib/gcc/arm-none-eabi/5.3.0/../../../../arm-none-eabi/lib/thumb/libg.a(lib_a-init.o)
 .ARM.attributes
                0x000000b8       0x30 /Users/adolphcelestin/dist/devkitPRO/devkitARM/bin/../lib/gcc/arm-none-eabi/5.3.0/../../../../arm-none-eabi/lib/thumb/libg.a(lib_a-sprintf.o)
 .ARM.attributes
                0x000000e8       0x30 /Users/adolphcelestin/dist/devkitPRO/devkitARM/bin/../lib/gcc/arm-none-eabi/5.3.0/../../../../arm-none-eabi/lib/thumb/libg.a(lib_a-svfprintf.o)
 .ARM.attributes
                0x00000118       0x30 /Users/adolphcelestin/dist/devkitPRO/devkitARM/bin/../lib/gcc/arm-none-eabi/5.3.0/../../../../arm-none-eabi/lib/thumb/libg.a(lib_a-wcrtomb.o)
 .ARM.attributes
                0x00000148       0x30 /Users/adolphcelestin/dist/devkitPRO/devkitARM/bin/../lib/gcc/arm-none-eabi/5.3.0/../../../../arm-none-eabi/lib/thumb/libg.a(lib_a-wcsrtombs.o)
 .ARM.attributes
                0x00000178       0x30 /Users/adolphcelestin/dist/devkitPRO/devkitARM/bin/../lib/gcc/arm-none-eabi/5.3.0/../../../../arm-none-eabi/lib/thumb/libg.a(lib_a-wctomb_r.o)
 .ARM.attributes
                0x000001a8       0x30 /Users/adolphcelestin/dist/devkitPRO/devkitARM/bin/../lib/gcc/arm-none-eabi/5.3.0/../../../../arm-none-eabi/lib/thumb/libg.a(lib_a-dtoa.o)
 .ARM.attributes
                0x000001d8       0x30 /Users/adolphcelestin/dist/devkitPRO/devkitARM/bin/../lib/gcc/arm-none-eabi/5.3.0/../../../../arm-none-eabi/lib/thumb/libg.a(lib_a-freer.o)
 .ARM.attributes
                0x00000208       0x30 /Users/adolphcelestin/dist/devkitPRO/devkitARM/bin/../lib/gcc/arm-none-eabi/5.3.0/../../../../arm-none-eabi/lib/thumb/libg.a(lib_a-locale.o)
 .ARM.attributes
                0x00000238       0x30 /Users/adolphcelestin/dist/devkitPRO/devkitARM/bin/../lib/gcc/arm-none-eabi/5.3.0/../../../../arm-none-eabi/lib/thumb/libg.a(lib_a-mallocr.o)
 .ARM.attributes
                0x00000268       0x30 /Users/adolphcelestin/dist/devkitPRO/devkitARM/bin/../lib/gcc/arm-none-eabi/5.3.0/../../../../arm-none-eabi/lib/thumb/libg.a(lib_a-mbtowc_r.o)
 .ARM.attributes
                0x00000298       0x30 /Users/adolphcelestin/dist/devkitPRO/devkitARM/bin/../lib/gcc/arm-none-eabi/5.3.0/../../../../arm-none-eabi/lib/thumb/libg.a(lib_a-memchr.o)
 .ARM.attributes
                0x000002c8       0x30 /Users/adolphcelestin/dist/devkitPRO/devkitARM/bin/../lib/gcc/arm-none-eabi/5.3.0/../../../../arm-none-eabi/lib/thumb/libg.a(lib_a-memcpy.o)
 .ARM.attributes
                0x000002f8       0x30 /Users/adolphcelestin/dist/devkitPRO/devkitARM/bin/../lib/gcc/arm-none-eabi/5.3.0/../../../../arm-none-eabi/lib/thumb/libg.a(lib_a-memset.o)
 .ARM.attributes
                0x00000328       0x30 /Users/adolphcelestin/dist/devkitPRO/devkitARM/bin/../lib/gcc/arm-none-eabi/5.3.0/../../../../arm-none-eabi/lib/thumb/libg.a(lib_a-mlock.o)
 .ARM.attributes
                0x00000358       0x30 /Users/adolphcelestin/dist/devkitPRO/devkitARM/bin/../lib/gcc/arm-none-eabi/5.3.0/../../../../arm-none-eabi/lib/thumb/libg.a(lib_a-mprec.o)
 .ARM.attributes
                0x00000388       0x30 /Users/adolphcelestin/dist/devkitPRO/devkitARM/bin/../lib/gcc/arm-none-eabi/5.3.0/../../../../arm-none-eabi/lib/thumb/libg.a(lib_a-s_fpclassify.o)
 .ARM.attributes
                0x000003b8       0x30 /Users/adolphcelestin/dist/devkitPRO/devkitARM/bin/../lib/gcc/arm-none-eabi/5.3.0/../../../../arm-none-eabi/lib/thumb/libg.a(lib_a-s_frexp.o)
 .ARM.attributes
                0x000003e8       0x16 /Users/adolphcelestin/dist/devkitPRO/devkitARM/bin/../lib/gcc/arm-none-eabi/5.3.0/../../../../arm-none-eabi/lib/thumb/libg.a(lib_a-strcmp.o)
 .ARM.attributes
                0x000003fe       0x30 /Users/adolphcelestin/dist/devkitPRO/devkitARM/bin/../lib/gcc/arm-none-eabi/5.3.0/../../../../arm-none-eabi/lib/thumb/libg.a(lib_a-strlen.o)
 .ARM.attributes
                0x0000042e       0x30 /Users/adolphcelestin/dist/devkitPRO/devkitARM/bin/../lib/gcc/arm-none-eabi/5.3.0/../../../../arm-none-eabi/lib/thumb/libg.a(lib_a-strncpy.o)
 .ARM.attributes
                0x0000045e       0x30 /Users/adolphcelestin/dist/devkitPRO/devkitARM/bin/../lib/gcc/arm-none-eabi/5.3.0/../../../../arm-none-eabi/lib/thumb/libg.a(lib_a-svfiprintf.o)
 .ARM.attributes
                0x0000048e       0x30 /Users/adolphcelestin/dist/devkitPRO/devkitARM/bin/../lib/gcc/arm-none-eabi/5.3.0/../../../../arm-none-eabi/lib/thumb/libg.a(lib_a-wcsnrtombs.o)
 .ARM.attributes
                0x000004be       0x30 /Users/adolphcelestin/dist/devkitPRO/devkitARM/bin/../lib/gcc/arm-none-eabi/5.3.0/../../../../arm-none-eabi/lib/thumb/libg.a(lib_a-callocr.o)
 .ARM.attributes
                0x000004ee       0x30 /Users/adolphcelestin/dist/devkitPRO/devkitARM/bin/../lib/gcc/arm-none-eabi/5.3.0/../../../../arm-none-eabi/lib/thumb/libg.a(lib_a-memmove.o)
 .ARM.attributes
                0x0000051e       0x30 /Users/adolphcelestin/dist/devkitPRO/devkitARM/bin/../lib/gcc/arm-none-eabi/5.3.0/../../../../arm-none-eabi/lib/thumb/libg.a(lib_a-reallocr.o)
 .ARM.attributes
                0x0000054e       0x30 /Users/adolphcelestin/dist/devkitPRO/devkitARM/bin/../lib/gcc/arm-none-eabi/5.3.0/../../../../arm-none-eabi/lib/thumb/libsysbase.a(sbrk.o)
 .ARM.attributes
                0x0000057e       0x30 /Users/adolphcelestin/dist/devkitPRO/devkitARM/bin/../lib/gcc/arm-none-eabi/5.3.0/../../../../arm-none-eabi/lib/thumb/libsysbase.a(malloc_vars.o)
 .ARM.attributes
                0x000005ae       0x30 /Users/adolphcelestin/dist/devkitPRO/devkitARM/bin/../lib/gcc/arm-none-eabi/5.3.0/../../../../arm-none-eabi/lib/thumb/libsysbase.a(syscall_support.o)
 .ARM.attributes
                0x000005de       0x30 /Users/adolphcelestin/dist/devkitPRO/devkitARM/bin/../lib/gcc/arm-none-eabi/5.3.0/../../../../arm-none-eabi/lib/thumb/libsysbase.a(getreent.o)
 .ARM.attributes
                0x0000060e       0x18 /Users/adolphcelestin/dist/devkitPRO/devkitARM/bin/../lib/gcc/arm-none-eabi/5.3.0/thumb/libgcc.a(_udivsi3.o)
 .ARM.attributes
                0x00000626       0x18 /Users/adolphcelestin/dist/devkitPRO/devkitARM/bin/../lib/gcc/arm-none-eabi/5.3.0/thumb/libgcc.a(_divsi3.o)
 .ARM.attributes
                0x0000063e       0x16 /Users/adolphcelestin/dist/devkitPRO/devkitARM/bin/../lib/gcc/arm-none-eabi/5.3.0/thumb/libgcc.a(_dvmd_tls.o)
 .ARM.attributes
                0x00000654       0x18 /Users/adolphcelestin/dist/devkitPRO/devkitARM/bin/../lib/gcc/arm-none-eabi/5.3.0/thumb/libgcc.a(_arm_addsubdf3.o)
 .ARM.attributes
                0x0000066c       0x18 /Users/adolphcelestin/dist/devkitPRO/devkitARM/bin/../lib/gcc/arm-none-eabi/5.3.0/thumb/libgcc.a(_arm_muldivdf3.o)
 .ARM.attributes
                0x00000684       0x18 /Users/adolphcelestin/dist/devkitPRO/devkitARM/bin/../lib/gcc/arm-none-eabi/5.3.0/thumb/libgcc.a(_arm_cmpdf2.o)
 .ARM.attributes
                0x0000069c       0x18 /Users/adolphcelestin/dist/devkitPRO/devkitARM/bin/../lib/gcc/arm-none-eabi/5.3.0/thumb/libgcc.a(_arm_fixdfsi.o)
 .ARM.attributes
                0x000006b4       0x18 /Users/adolphcelestin/dist/devkitPRO/devkitARM/bin/../lib/gcc/arm-none-eabi/5.3.0/thumb/libgcc.a(_aeabi_uldivmod.o)
 .ARM.attributes
                0x000006cc       0x30 /Users/adolphcelestin/dist/devkitPRO/devkitARM/bin/../lib/gcc/arm-none-eabi/5.3.0/thumb/libgcc.a(_udivmoddi4.o)
 .ARM.attributes
                0x000006fc       0x18 /Users/adolphcelestin/dist/devkitPRO/devkitARM/bin/../lib/gcc/arm-none-eabi/5.3.0/thumb/libgcc.a(_clzdi2.o)
 .ARM.attributes
                0x00000714       0x18 /Users/adolphcelestin/dist/devkitPRO/devkitARM/bin/../lib/gcc/arm-none-eabi/5.3.0/thumb/libgcc.a(_clzsi2.o)
 .ARM.attributes
                0x0000072c       0x30 /Users/adolphcelestin/dist/devkitPRO/devkitARM/bin/../lib/gcc/arm-none-eabi/5.3.0/../../../../arm-none-eabi/lib/thumb/libg.a(lib_a-impure.o)
 .ARM.attributes
                0x0000075c       0x30 /Users/adolphcelestin/dist/devkitPRO/devkitARM/bin/../lib/gcc/arm-none-eabi/5.3.0/thumb/crtend.o
 .ARM.attributes
                0x0000078c       0x16 /Users/adolphcelestin/dist/devkitPRO/devkitARM/bin/../lib/gcc/arm-none-eabi/5.3.0/thumb/crtn.o

.debug
 *(.debug)

.line
 *(.line)

.debug_srcinfo
 *(.debug_srcinfo)

.debug_sfnames
 *(.debug_sfnames)

.debug_aranges  0x00000000       0x28
 *(.debug_aranges)
 .debug_aranges
                0x00000000       0x28 main.o

.debug_pubnames
 *(.debug_pubnames)

.debug_info     0x00000000      0x1ef
 *(.debug_info)
 .debug_info    0x00000000      0x1ef main.o

.debug_abbrev   0x00000000      0x176
 *(.debug_abbrev)
 .debug_abbrev  0x00000000      0x176 main.o

.debug_line     0x00000000      0x257
 *(.debug_line)
 .debug_line    0x00000000      0x257 main.o

.debug_frame    0x00000000       0x5c
 *(.debug_frame)
 .debug_frame   0x00000000       0x5c main.o

.debug_str      0x00000000      0x1a2
 *(.debug_str)
 .debug_str     0x00000000      0x1a2 main.o
                                0x1ec (size before relaxing)

.debug_loc      0x00000000       0x8a
 *(.debug_loc)
 .debug_loc     0x00000000       0x8a main.o

.debug_macinfo
 *(.debug_macinfo)

.debug_weaknames
 *(.debug_weaknames)

.debug_funcnames
 *(.debug_funcnames)

.debug_typenames
 *(.debug_typenames)

.debug_varnames
 *(.debug_varnames)

.stack          0x00080000        0x0
                0x00080000                _stack = .
 *(.stack)
LOAD /Users/adolphcelestin/dist/devkitPRO/devkitARM/bin/../lib/gcc/arm-none-eabi/5.3.0/../../../../arm-none-eabi/lib/thumb/gba_crt0.o
LOAD /Users/adolphcelestin/dist/devkitPRO/devkitARM/bin/../lib/gcc/arm-none-eabi/5.3.0/thumb/crti.o
LOAD /Users/adolphcelestin/dist/devkitPRO/devkitARM/bin/../lib/gcc/arm-none-eabi/5.3.0/thumb/crtbegin.o
LOAD main.o
LOAD /Users/adolphcelestin/dist/devkitPRO/libgba/lib/libgba.a
START GROUP
LOAD /Users/adolphcelestin/dist/devkitPRO/devkitARM/bin/../lib/gcc/arm-none-eabi/5.3.0/thumb/libgcc.a
LOAD /Users/adolphcelestin/dist/devkitPRO/devkitARM/bin/../lib/gcc/arm-none-eabi/5.3.0/../../../../arm-none-eabi/lib/thumb/libg.a
LOAD /Users/adolphcelestin/dist/devkitPRO/devkitARM/bin/../lib/gcc/arm-none-eabi/5.3.0/../../../../arm-none-eabi/lib/thumb/libc.a
LOAD /Users/adolphcelestin/dist/devkitPRO/devkitARM/bin/../lib/gcc/arm-none-eabi/5.3.0/../../../../arm-none-eabi/lib/thumb/libsysbase.a
END GROUP
LOAD /Users/adolphcelestin/dist/devkitPRO/devkitARM/bin/../lib/gcc/arm-none-eabi/5.3.0/thumb/crtend.o
LOAD /Users/adolphcelestin/dist/devkitPRO/devkitARM/bin/../lib/gcc/arm-none-eabi/5.3.0/thumb/crtn.o
OUTPUT(/Users/adolphcelestin/projects/pyrite/roms/custom/custom_mb.elf elf32-littlearm)

.debug_ranges   0x00000000       0x18
 .debug_ranges  0x00000000       0x18 main.o
