Archive member included to satisfy reference by file (symbol)

/Users/adolphcelestin/dist/devkitPRO/devkitARM/bin/../lib/gcc/arm-none-eabi/5.3.0/../../../../arm-none-eabi/lib/thumb/libg.a(lib_a-init.o)
                              /Users/adolphcelestin/dist/devkitPRO/devkitARM/bin/../lib/gcc/arm-none-eabi/5.3.0/../../../../arm-none-eabi/lib/thumb/gba_crt0.o (__libc_init_array)
/Users/adolphcelestin/dist/devkitPRO/devkitARM/bin/../lib/gcc/arm-none-eabi/5.3.0/../../../../arm-none-eabi/lib/thumb/libg.a(lib_a-sprintf.o)
                              main.o (sprintf)
/Users/adolphcelestin/dist/devkitPRO/devkitARM/bin/../lib/gcc/arm-none-eabi/5.3.0/../../../../arm-none-eabi/lib/thumb/libg.a(lib_a-svfprintf.o)
                              /Users/adolphcelestin/dist/devkitPRO/devkitARM/bin/../lib/gcc/arm-none-eabi/5.3.0/../../../../arm-none-eabi/lib/thumb/libg.a(lib_a-sprintf.o) (_svfprintf_r)
/Users/adolphcelestin/dist/devkitPRO/devkitARM/bin/../lib/gcc/arm-none-eabi/5.3.0/../../../../arm-none-eabi/lib/thumb/libg.a(lib_a-wcrtomb.o)
                              /Users/adolphcelestin/dist/devkitPRO/devkitARM/bin/../lib/gcc/arm-none-eabi/5.3.0/../../../../arm-none-eabi/lib/thumb/libg.a(lib_a-svfprintf.o) (_wcrtomb_r)
/Users/adolphcelestin/dist/devkitPRO/devkitARM/bin/../lib/gcc/arm-none-eabi/5.3.0/../../../../arm-none-eabi/lib/thumb/libg.a(lib_a-wcsrtombs.o)
                              /Users/adolphcelestin/dist/devkitPRO/devkitARM/bin/../lib/gcc/arm-none-eabi/5.3.0/../../../../arm-none-eabi/lib/thumb/libg.a(lib_a-svfprintf.o) (_wcsrtombs_r)
/Users/adolphcelestin/dist/devkitPRO/devkitARM/bin/../lib/gcc/arm-none-eabi/5.3.0/../../../../arm-none-eabi/lib/thumb/libg.a(lib_a-wctomb_r.o)
                              /Users/adolphcelestin/dist/devkitPRO/devkitARM/bin/../lib/gcc/arm-none-eabi/5.3.0/../../../../arm-none-eabi/lib/thumb/libg.a(lib_a-wcrtomb.o) (__wctomb)
/Users/adolphcelestin/dist/devkitPRO/devkitARM/bin/../lib/gcc/arm-none-eabi/5.3.0/../../../../arm-none-eabi/lib/thumb/libg.a(lib_a-dtoa.o)
                              /Users/adolphcelestin/dist/devkitPRO/devkitARM/bin/../lib/gcc/arm-none-eabi/5.3.0/../../../../arm-none-eabi/lib/thumb/libg.a(lib_a-svfprintf.o) (_dtoa_r)
/Users/adolphcelestin/dist/devkitPRO/devkitARM/bin/../lib/gcc/arm-none-eabi/5.3.0/../../../../arm-none-eabi/lib/thumb/libg.a(lib_a-freer.o)
                              /Users/adolphcelestin/dist/devkitPRO/devkitARM/bin/../lib/gcc/arm-none-eabi/5.3.0/../../../../arm-none-eabi/lib/thumb/libg.a(lib_a-svfprintf.o) (_free_r)
/Users/adolphcelestin/dist/devkitPRO/devkitARM/bin/../lib/gcc/arm-none-eabi/5.3.0/../../../../arm-none-eabi/lib/thumb/libg.a(lib_a-locale.o)
                              /Users/adolphcelestin/dist/devkitPRO/devkitARM/bin/../lib/gcc/arm-none-eabi/5.3.0/../../../../arm-none-eabi/lib/thumb/libg.a(lib_a-svfprintf.o) (__locale_charset)
/Users/adolphcelestin/dist/devkitPRO/devkitARM/bin/../lib/gcc/arm-none-eabi/5.3.0/../../../../arm-none-eabi/lib/thumb/libg.a(lib_a-mallocr.o)
                              /Users/adolphcelestin/dist/devkitPRO/devkitARM/bin/../lib/gcc/arm-none-eabi/5.3.0/../../../../arm-none-eabi/lib/thumb/libg.a(lib_a-svfprintf.o) (_malloc_r)
/Users/adolphcelestin/dist/devkitPRO/devkitARM/bin/../lib/gcc/arm-none-eabi/5.3.0/../../../../arm-none-eabi/lib/thumb/libg.a(lib_a-mbtowc_r.o)
                              /Users/adolphcelestin/dist/devkitPRO/devkitARM/bin/../lib/gcc/arm-none-eabi/5.3.0/../../../../arm-none-eabi/lib/thumb/libg.a(lib_a-locale.o) (__utf8_mbtowc)
/Users/adolphcelestin/dist/devkitPRO/devkitARM/bin/../lib/gcc/arm-none-eabi/5.3.0/../../../../arm-none-eabi/lib/thumb/libg.a(lib_a-memchr.o)
                              /Users/adolphcelestin/dist/devkitPRO/devkitARM/bin/../lib/gcc/arm-none-eabi/5.3.0/../../../../arm-none-eabi/lib/thumb/libg.a(lib_a-svfprintf.o) (memchr)
/Users/adolphcelestin/dist/devkitPRO/devkitARM/bin/../lib/gcc/arm-none-eabi/5.3.0/../../../../arm-none-eabi/lib/thumb/libg.a(lib_a-memcpy.o)
                              /Users/adolphcelestin/dist/devkitPRO/devkitARM/bin/../lib/gcc/arm-none-eabi/5.3.0/../../../../arm-none-eabi/lib/thumb/libg.a(lib_a-dtoa.o) (memcpy)
/Users/adolphcelestin/dist/devkitPRO/devkitARM/bin/../lib/gcc/arm-none-eabi/5.3.0/../../../../arm-none-eabi/lib/thumb/libg.a(lib_a-memset.o)
                              /Users/adolphcelestin/dist/devkitPRO/devkitARM/bin/../lib/gcc/arm-none-eabi/5.3.0/../../../../arm-none-eabi/lib/thumb/libg.a(lib_a-svfprintf.o) (memset)
/Users/adolphcelestin/dist/devkitPRO/devkitARM/bin/../lib/gcc/arm-none-eabi/5.3.0/../../../../arm-none-eabi/lib/thumb/libg.a(lib_a-mlock.o)
                              /Users/adolphcelestin/dist/devkitPRO/devkitARM/bin/../lib/gcc/arm-none-eabi/5.3.0/../../../../arm-none-eabi/lib/thumb/libg.a(lib_a-freer.o) (__malloc_lock)
/Users/adolphcelestin/dist/devkitPRO/devkitARM/bin/../lib/gcc/arm-none-eabi/5.3.0/../../../../arm-none-eabi/lib/thumb/libg.a(lib_a-mprec.o)
[...]
Memory Configuration

Name             Origin             Length             Attributes
rom              0x08000000         0x02000000
iwram            0x03000000         0x00008000
ewram            0x02000000         0x00040000
*default*        0x00000000         0xffffffff

Linker script and memory map

                0x02000000                __text_start = ORIGIN (ewram)
                0x02040000                __eheap_end = (ORIGIN (ewram) + 0x40000)
                0x03000000                __iwram_start = ORIGIN (iwram)
                0x03008000                __iwram_top = (ORIGIN (iwram) + 0x8000)
                0x03007fa0                __sp_irq = (__iwram_top - 0x60)
                0x03007f00                __sp_usr = (__sp_irq - 0xa0)
                0x03007ff8                __irq_flags = 0x3007ff8
                0x02000000                . = __text_start

.init           0x02000000      0x21c
 *(.init)
 .init          0x02000000      0x210 /Users/adolphcelestin/dist/devkitPRO/devkitARM/bin/../lib/gcc/arm-none-eabi/5.3.0/../../../../arm-none-eabi/lib/thumb/gba_crt0.o
                0x02000000                _start
                0x020000c4                __boot_method
                0x020000c5                __slave_number
                0x020000e0                start_vector
 .init          0x02000210        0x4 /Users/adolphcelestin/dist/devkitPRO/devkitARM/bin/../lib/gcc/arm-none-eabi/5.3.0/thumb/crti.o
                0x02000210                _init
 .init          0x02000214        0x8 /Users/adolphcelestin/dist/devkitPRO/devkitARM/bin/../lib/gcc/arm-none-eabi/5.3.0/thumb/crtn.o
                0x0200021c                . = ALIGN (0x4)

.plt            0x0200021c        0x0
 *(.plt)
                0x0200021c                . = ALIGN (0x4)

.text           0x0200021c      0x130
 *(EXCLUDE_FILE(*.iwram*) .text)
 .text          0x0200021c       0xd4 /Users/adolphcelestin/dist/devkitPRO/devkitARM/bin/../lib/gcc/arm-none-eabi/5.3.0/thumb/crtbegin.o
 *(.text .stub .text.* .gnu.linkonce.t.*)
 .text.startup  0x020002f0        0x4 main.o
                0x020002f0                main
 .text.__libc_init_array
                0x020002f4       0x58 /Users/adolphcelestin/dist/devkitPRO/devkitARM/bin/../lib/gcc/arm-none-eabi/5.3.0/../../../../arm-none-eabi/lib/thumb/libg.a(lib_a-init.o)
                0x020002f4                __libc_init_array
 *(.text.*personality*)
 *(.gnu.warning)
 *(.glue_7t)
 .glue_7t       0x0200034c        0x0 linker stubs
 *(.glue_7)
 .glue_7        0x0200034c        0x0 linker stubs
 *(.vfp11_veneer)
 .vfp11_veneer  0x0200034c        0x0 linker stubs
                0x0200034c                . = ALIGN (0x4)
                0x0200034c                __text_end = .

.v4_bx          0x0200034c        0x0
 .v4_bx         0x0200034c        0x0 linker stubs

.iplt           0x0200034c        0x0
 .iplt          0x0200034c        0x0 /Users/adolphcelestin/dist/devkitPRO/devkitARM/bin/../lib/gcc/arm-none-eabi/5.3.0/../../../../arm-none-eabi/lib/thumb/gba_crt0.o

.fini           0x0200034c        0xc
 *(.fini)
 .fini          0x0200034c        0x4 /Users/adolphcelestin/dist/devkitPRO/devkitARM/bin/../lib/gcc/arm-none-eabi/5.3.0/thumb/crti.o
                0x0200034c                _fini
 .fini          0x02000350        0x8 /Users/adolphcelestin/dist/devkitPRO/devkitARM/bin/../lib/gcc/arm-none-eabi/5.3.0/thumb/crtn.o
                0x02000358                . = ALIGN (0x4)

.rodata         0x02000358        0x0
 *(.rodata)
 *all.rodata*(*)
 *(.roda)
 *(.rodata.*)
 *(.gnu.linkonce.r*)
                0x02000358                . = ALIGN (0x4)

.ARM.extab
 *(.ARM.extab* .gnu.linkonce.armextab.*)
                0x02000358                __exidx_start = .

.ARM.exidx
 *(.ARM.exidx* .gnu.linkonce.armexidx.*)
                0x02000358                __exidx_end = .
                0x02000358                . = ALIGN (0x4)
                0x02000358                PROVIDE (__preinit_array_start, .)

.preinit_array
 *(.preinit_array)
                0x02000358                PROVIDE (__preinit_array_end, .)
                0x02000358                PROVIDE (__init_array_start, .)

.init_array     0x02000358        0x4
 *(.init_array)
 .init_array    0x02000358        0x4 /Users/adolphcelestin/dist/devkitPRO/devkitARM/bin/../lib/gcc/arm-none-eabi/5.3.0/thumb/crtbegin.o
                0x0200035c                PROVIDE (__init_array_end, .)
                [!provide]                PROVIDE (__fini_array_start, .)

.fini_array     0x0200035c        0x4
 *(.fini_array)
 .fini_array    0x0200035c        0x4 /Users/adolphcelestin/dist/devkitPRO/devkitARM/bin/../lib/gcc/arm-none-eabi/5.3.0/thumb/crtbegin.o
                [!provide]                PROVIDE (__fini_array_end, .)

.ctors          0x02000360        0x0
 *crtbegin.o(.ctors)
 *(EXCLUDE_FILE(*crtend.o) .ctors)
 *(SORT(.ctors.*))
 *(.ctors)
                0x02000360                . = ALIGN (0x4)

.dtors          0x02000360        0x0
 *crtbegin.o(.dtors)
 *(EXCLUDE_FILE(*crtend.o) .dtors)
 *(SORT(.dtors.*))
 *(.dtors)
                0x02000360                . = ALIGN (0x4)

.jcr            0x02000360        0x4
 *(.jcr)
 .jcr           0x02000360        0x0 /Users/adolphcelestin/dist/devkitPRO/devkitARM/bin/../lib/gcc/arm-none-eabi/5.3.0/thumb/crtbegin.o
 .jcr           0x02000360        0x4 /Users/adolphcelestin/dist/devkitPRO/devkitARM/bin/../lib/gcc/arm-none-eabi/5.3.0/thumb/crtend.o

.eh_frame       0x02000364        0x4
 *(.eh_frame)
 .eh_frame      0x02000364        0x0 /Users/adolphcelestin/dist/devkitPRO/devkitARM/bin/../lib/gcc/arm-none-eabi/5.3.0/thumb/crtbegin.o
 .eh_frame      0x02000364        0x0 /Users/adolphcelestin/dist/devkitPRO/devkitARM/bin/../lib/gcc/arm-none-eabi/5.3.0/../../../../arm-none-eabi/lib/thumb/libg.a(lib_a-strcmp.o)
                                 0x44 (size before relaxing)
 .eh_frame      0x02000364        0x4 /Users/adolphcelestin/dist/devkitPRO/devkitARM/bin/../lib/gcc/arm-none-eabi/5.3.0/thumb/crtend.o
                0x02000368                . = ALIGN (0x4)

.rel.dyn        0x02000368        0x0
 .rel.iplt      0x02000368        0x0 /Users/adolphcelestin/dist/devkitPRO/devkitARM/bin/../lib/gcc/arm-none-eabi/5.3.0/../../../../arm-none-eabi/lib/thumb/gba_crt0.o

.gcc_except_table
                0x02000368        0x0
 *(.gcc_except_table)
                0x02000368                . = ALIGN (0x4)
                0x02000368                __iwram_lma = .

.iwram          0x03000000        0x0 load address 0x02000368
                0x03000000                __iwram_start__ = ABSOLUTE (.)
 *(.iwram)
 *iwram.*(.text)
                0x03000000                . = ALIGN (0x4)
                0x03000000                __iwram_end__ = ABSOLUTE (.)
                0x02000368                __data_lma = (__iwram_lma + SIZEOF (.iwram))

.bss            0x03000000       0x24
                0x03000000                __bss_start__ = ABSOLUTE (.)
 *(.dynbss)
 *(.gnu.linkonce.b*)
 *(.bss*)
 .bss           0x03000000       0x1c /Users/adolphcelestin/dist/devkitPRO/devkitARM/bin/../lib/gcc/arm-none-eabi/5.3.0/thumb/crtbegin.o
 .bss           0x0300001c        0x8 /Users/adolphcelestin/dist/devkitPRO/devkitARM/bin/../lib/gcc/arm-none-eabi/5.3.0/../../../../arm-none-eabi/lib/thumb/libsysbase.a(malloc_vars.o)
                0x0300001c                fake_heap_start
                0x03000020                fake_heap_end
 *(COMMON)
                0x03000024                . = ALIGN (0x4)
                0x03000024                __bss_end__ = ABSOLUTE (.)

.data           0x03000024        0x0 load address 0x02000368
                0x03000024                __data_start__ = ABSOLUTE (.)
 *(.data)
 *(.data.*)
 *(.gnu.linkonce.d*)
                0x03000024                . = ALIGN (0x4)
                0x03000024                __data_end__ = ABSOLUTE (.)
                0x02000368                __iwram_overlay_lma = (__data_lma + SIZEOF (.data))
                [!provide]                PROVIDE (edata, .)
                0x03000024                __iwram_overlay_start = .

.igot.plt       0x03000000        0x0
 .igot.plt      0x03000000        0x0 /Users/adolphcelestin/dist/devkitPRO/devkitARM/bin/../lib/gcc/arm-none-eabi/5.3.0/../../../../arm-none-eabi/lib/thumb/gba_crt0.o

.tm_clone_table
                0x03000000        0x0
 .tm_clone_table
                0x03000000        0x0 /Users/adolphcelestin/dist/devkitPRO/devkitARM/bin/../lib/gcc/arm-none-eabi/5.3.0/thumb/crtbegin.o
 .tm_clone_table
                0x03000000        0x0 /Users/adolphcelestin/dist/devkitPRO/devkitARM/bin/../lib/gcc/arm-none-eabi/5.3.0/thumb/crtend.o

.iwram0         0x03000024        0x0 load address 0x02000368
 *(.iwram0)
                0x03000024                . = ALIGN (0x4)
                0x02000368                PROVIDE (__load_start_iwram0, LOADADDR (.iwram0))
                0x02000368                PROVIDE (__load_stop_iwram0, (LOADADDR (.iwram0) + SIZEOF (.iwram0)))

.iwram1         0x03000024        0x0
 *(.iwram1)
                0x03000024                . = ALIGN (0x4)
                [!provide]                PROVIDE (__load_start_iwram1, LOADADDR (.iwram1))
                [!provide]                PROVIDE (__load_stop_iwram1, (LOADADDR (.iwram1) + SIZEOF (.iwram1)))

.iwram2         0x03000024        0x0
 *(.iwram2)
                0x03000024                . = ALIGN (0x4)
                [!provide]                PROVIDE (__load_start_iwram2, LOADADDR (.iwram2))
                [!provide]                PROVIDE (__load_stop_iwram2, (LOADADDR (.iwram2) + SIZEOF (.iwram2)))

.iwram3         0x03000024        0x0
 *(.iwram3)
                0x03000024                . = ALIGN (0x4)
                [!provide]                PROVIDE (__load_start_iwram3, LOADADDR (.iwram3))
                [!provide]                PROVIDE (__load_stop_iwram3, (LOADADDR (.iwram3) + SIZEOF (.iwram3)))

.iwram4         0x03000024        0x0
 *(.iwram4)
                0x03000024                . = ALIGN (0x4)
                [!provide]                PROVIDE (__load_start_iwram4, LOADADDR (.iwram4))
                [!provide]                PROVIDE (__load_stop_iwram4, (LOADADDR (.iwram4) + SIZEOF (.iwram4)))

.iwram5         0x03000024        0x0
 *(.iwram5)
                0x03000024                . = ALIGN (0x4)
                [!provide]                PROVIDE (__load_start_iwram5, LOADADDR (.iwram5))
                [!provide]                PROVIDE (__load_stop_iwram5, (LOADADDR (.iwram5) + SIZEOF (.iwram5)))

.iwram6         0x03000024        0x0
 *(.iwram6)
                0x03000024                . = ALIGN (0x4)
                [!provide]                PROVIDE (__load_start_iwram6, LOADADDR (.iwram6))
                [!provide]                PROVIDE (__load_stop_iwram6, (LOADADDR (.iwram6) + SIZEOF (.iwram6)))

.iwram7         0x03000024        0x0
 *(.iwram7)
                0x03000024                . = ALIGN (0x4)
                [!provide]                PROVIDE (__load_start_iwram7, LOADADDR (.iwram7))
                [!provide]                PROVIDE (__load_stop_iwram7, (LOADADDR (.iwram7) + SIZEOF (.iwram7)))

.iwram8         0x03000024        0x0
 *(.iwram8)
                0x03000024                . = ALIGN (0x4)
                [!provide]                PROVIDE (__load_start_iwram8, LOADADDR (.iwram8))
                [!provide]                PROVIDE (__load_stop_iwram8, (LOADADDR (.iwram8) + SIZEOF (.iwram8)))

.iwram9         0x03000024        0x0
 *(.iwram9)
                0x03000024                . = ALIGN (0x4)
                [!provide]                PROVIDE (__load_start_iwram9, LOADADDR (.iwram9))
                [!provide]                PROVIDE (__load_stop_iwram9, (LOADADDR (.iwram9) + SIZEOF (.iwram9)))
                0x02000368                __ewram_lma = ((((((((((LOADADDR (.iwram0) + SIZEOF (.iwram0)) + SIZEOF (.iwram1)) + SIZEOF (.iwram2)) + SIZEOF (.iwram3)) + SIZEOF (.iwram4)) + SIZEOF (.iwram5)) + SIZEOF (.iwram6)) + SIZEOF (.iwram7)) + SIZEOF (.iwram8)) + SIZEOF (.iwram9))
                0x02000368                __iwram_overlay_end = __ewram_lma
                0x02000368                __ewram_start = __ewram_lma

.ewram          0x02000368        0x0
 *(.ewram)
                0x02000368                . = ALIGN (0x4)
                0x02000368                __ewram_end = ABSOLUTE (.)
                0x02000368                __ewram_overlay_lma = (__ewram_lma + SIZEOF (.ewram))

.sbss           0x02000368        0x0
                0x02000368                __sbss_start__ = ABSOLUTE (.)
 *(.sbss)
                0x02000368                . = ALIGN (0x4)
                0x02000368                __sbss_end__ = ABSOLUTE (.)
                0x02000368                __end__ = ABSOLUTE (.)
                0x02000368                __eheap_start = ABSOLUTE (.)

.ewram0         0x02000368        0x0
 *(.ewram0)
                0x02000368                . = ALIGN (0x4)
                [!provide]                PROVIDE (__load_start_ewram0, LOADADDR (.ewram0))
                [!provide]                PROVIDE (__load_stop_ewram0, (LOADADDR (.ewram0) + SIZEOF (.ewram0)))

.ewram1         0x02000368        0x0
 *(.ewram1)
                0x02000368                . = ALIGN (0x4)
                [!provide]                PROVIDE (__load_start_ewram1, LOADADDR (.ewram1))
                [!provide]                PROVIDE (__load_stop_ewram1, (LOADADDR (.ewram1) + SIZEOF (.ewram1)))

.ewram2         0x02000368        0x0
 *(.ewram2)
                0x02000368                . = ALIGN (0x4)
                [!provide]                PROVIDE (__load_start_ewram2, LOADADDR (.ewram2))
                [!provide]                PROVIDE (__load_stop_ewram2, (LOADADDR (.ewram2) + SIZEOF (.ewram2)))

.ewram3         0x02000368        0x0
 *(.ewram3)
                0x02000368                . = ALIGN (0x4)
                [!provide]                PROVIDE (__load_start_ewram3, LOADADDR (.ewram3))
                [!provide]                PROVIDE (__load_stop_ewram3, (LOADADDR (.ewram3) + SIZEOF (.ewram3)))

.ewram4         0x02000368        0x0
 *(.ewram4)
                0x02000368                . = ALIGN (0x4)
                [!provide]                PROVIDE (__load_start_ewram4, LOADADDR (.ewram4))
                [!provide]                PROVIDE (__load_stop_ewram4, (LOADADDR (.ewram4) + SIZEOF (.ewram4)))

.ewram5         0x02000368        0x0
 *(.ewram5)
                0x02000368                . = ALIGN (0x4)
                [!provide]                PROVIDE (__load_start_ewram5, LOADADDR (.ewram5))
                [!provide]                PROVIDE (__load_stop_ewram5, (LOADADDR (.ewram5) + SIZEOF (.ewram5)))

.ewram6         0x02000368        0x0
 *(.ewram6)
                0x02000368                . = ALIGN (0x4)
                [!provide]                PROVIDE (__load_start_ewram6, LOADADDR (.ewram6))
                [!provide]                PROVIDE (__load_stop_ewram6, (LOADADDR (.ewram6) + SIZEOF (.ewram6)))

.ewram7         0x02000368        0x0
 *(.ewram7)
                0x02000368                . = ALIGN (0x4)
                [!provide]                PROVIDE (__load_start_ewram7, LOADADDR (.ewram7))
                [!provide]                PROVIDE (__load_stop_ewram7, (LOADADDR (.ewram7) + SIZEOF (.ewram7)))

.ewram8         0x02000368        0x0
 *(.ewram8)
                0x02000368                . = ALIGN (0x4)
                [!provide]                PROVIDE (__load_start_ewram8, LOADADDR (.ewram8))
                [!provide]                PROVIDE (__load_stop_ewram8, (LOADADDR (.ewram8) + SIZEOF (.ewram8)))

.ewram9         0x02000368        0x0
 *(.ewram9)
                0x02000368                . = ALIGN (0x4)
                [!provide]                PROVIDE (__load_start_ewram9, LOADADDR (.ewram9))
                [!provide]                PROVIDE (__load_stop_ewram9, (LOADADDR (.ewram9) + SIZEOF (.ewram9)))
                0x02000368                __ewram_overlay_end = ABSOLUTE (.)
                0x02000368                __eheap_start = __ewram_overlay_end
                0x02000368                _end = __ewram_overlay_end
                0x02000368                __end__ = __ewram_overlay_end
                0x02000368                __rom_end__ = __ewram_overlay_end

.stab
 *(.stab)

.stabstr
 *(.stabstr)

.stab.excl
 *(.stab.excl)

.stab.exclstr
 *(.stab.exclstr)

.stab.index
 *(.stab.index)

.stab.indexstr
 *(.stab.indexstr)

.comment        0x00000000       0x22
 *(.comment)
 .comment       0x00000000       0x22 /Users/adolphcelestin/dist/devkitPRO/devkitARM/bin/../lib/gcc/arm-none-eabi/5.3.0/thumb/crtbegin.o
                                 0x23 (size before relaxing)
 .comment       0x00000022       0x23 main.o
 .comment       0x00000022       0x23 /Users/adolphcelestin/dist/devkitPRO/devkitARM/bin/../lib/gcc/arm-none-eabi/5.3.0/../../../../arm-none-eabi/lib/thumb/libg.a(lib_a-init.o)
 .comment       0x00000022       0x23 /Users/adolphcelestin/dist/devkitPRO/devkitARM/bin/../lib/gcc/arm-none-eabi/5.3.0/../../../../arm-none-eabi/lib/thumb/libsysbase.a(malloc_vars.o)
 .comment       0x00000022       0x23 /Users/adolphcelestin/dist/devkitPRO/devkitARM/bin/../lib/gcc/arm-none-eabi/5.3.0/thumb/crtend.o

.ARM.attributes
                0x00000000       0x2b
 .ARM.attributes
                0x00000000       0x16 /Users/adolphcelestin/dist/devkitPRO/devkitARM/bin/../lib/gcc/arm-none-eabi/5.3.0/../../../../arm-none-eabi/lib/thumb/gba_crt0.o
 .ARM.attributes
                0x00000016       0x16 /Users/adolphcelestin/dist/devkitPRO/devkitARM/bin/../lib/gcc/arm-none-eabi/5.3.0/thumb/crti.o
 .ARM.attributes
                0x0000002c       0x30 /Users/adolphcelestin/dist/devkitPRO/devkitARM/bin/../lib/gcc/arm-none-eabi/5.3.0/thumb/crtbegin.o
 .ARM.attributes
                0x0000005c       0x2c main.o
 .ARM.attributes
                0x00000088       0x30 /Users/adolphcelestin/dist/devkitPRO/devkitARM/bin/../lib/gcc/arm-none-eabi/5.3.0/../../../../arm-none-eabi/lib/thumb/libg.a(lib_a-init.o)
 .ARM.attributes
                0x000000b8       0x16 /Users/adolphcelestin/dist/devkitPRO/devkitARM/bin/../lib/gcc/arm-none-eabi/5.3.0/../../../../arm-none-eabi/lib/thumb/libg.a(lib_a-strcmp.o)
 .ARM.attributes
                0x000000ce       0x30 /Users/adolphcelestin/dist/devkitPRO/devkitARM/bin/../lib/gcc/arm-none-eabi/5.3.0/../../../../arm-none-eabi/lib/thumb/libsysbase.a(malloc_vars.o)
 .ARM.attributes
                0x000000fe       0x30 /Users/adolphcelestin/dist/devkitPRO/devkitARM/bin/../lib/gcc/arm-none-eabi/5.3.0/thumb/crtend.o
 .ARM.attributes
                0x0000012e       0x16 /Users/adolphcelestin/dist/devkitPRO/devkitARM/bin/../lib/gcc/arm-none-eabi/5.3.0/thumb/crtn.o

.debug
 *(.debug)

.line
 *(.line)

.debug_srcinfo
 *(.debug_srcinfo)

.debug_sfnames
 *(.debug_sfnames)

.debug_aranges  0x00000000       0x28
 *(.debug_aranges)
 .debug_aranges
                0x00000000       0x28 main.o

.debug_pubnames
 *(.debug_pubnames)

.debug_info     0x00000000      0x1df
 *(.debug_info)
 .debug_info    0x00000000      0x1df main.o

.debug_abbrev   0x00000000      0x186
 *(.debug_abbrev)
 .debug_abbrev  0x00000000      0x186 main.o

.debug_line     0x00000000      0x253
 *(.debug_line)
 .debug_line    0x00000000      0x253 main.o

.debug_frame    0x00000000       0x54
 *(.debug_frame)
 .debug_frame   0x00000000       0x54 main.o

.debug_str      0x00000000      0x1a2
 *(.debug_str)
 .debug_str     0x00000000      0x1a2 main.o
                                0x1ec (size before relaxing)

.debug_loc      0x00000000       0x8a
 *(.debug_loc)
 .debug_loc     0x00000000       0x8a main.o

.debug_macinfo
 *(.debug_macinfo)

.debug_weaknames
 *(.debug_weaknames)

.debug_funcnames
 *(.debug_funcnames)

.debug_typenames
 *(.debug_typenames)

.debug_varnames
 *(.debug_varnames)

.stack          0x00080000        0x0
                0x00080000                _stack = .
 *(.stack)
LOAD /Users/adolphcelestin/dist/devkitPRO/devkitARM/bin/../lib/gcc/arm-none-eabi/5.3.0/../../../../arm-none-eabi/lib/thumb/gba_crt0.o
LOAD /Users/adolphcelestin/dist/devkitPRO/devkitARM/bin/../lib/gcc/arm-none-eabi/5.3.0/thumb/crti.o
LOAD /Users/adolphcelestin/dist/devkitPRO/devkitARM/bin/../lib/gcc/arm-none-eabi/5.3.0/thumb/crtbegin.o
LOAD main.o
LOAD /Users/adolphcelestin/dist/devkitPRO/libgba/lib/libgba.a
START GROUP
LOAD /Users/adolphcelestin/dist/devkitPRO/devkitARM/bin/../lib/gcc/arm-none-eabi/5.3.0/thumb/libgcc.a
LOAD /Users/adolphcelestin/dist/devkitPRO/devkitARM/bin/../lib/gcc/arm-none-eabi/5.3.0/../../../../arm-none-eabi/lib/thumb/libg.a
LOAD /Users/adolphcelestin/dist/devkitPRO/devkitARM/bin/../lib/gcc/arm-none-eabi/5.3.0/../../../../arm-none-eabi/lib/thumb/libc.a
LOAD /Users/adolphcelestin/dist/devkitPRO/devkitARM/bin/../lib/gcc/arm-none-eabi/5.3.0/../../../../arm-none-eabi/lib/thumb/libsysbase.a
END GROUP
LOAD /Users/adolphcelestin/dist/devkitPRO/devkitARM/bin/../lib/gcc/arm-none-eabi/5.3.0/thumb/crtend.o
LOAD /Users/adolphcelestin/dist/devkitPRO/devkitARM/bin/../lib/gcc/arm-none-eabi/5.3.0/thumb/crtn.o
OUTPUT(/Users/adolphcelestin/projects/pyrite/roms/custom/custom_mb.elf elf32-littlearm)

.debug_ranges   0x00000000       0x18
 .debug_ranges  0x00000000       0x18 main.o
